Component: ARM Compiler 5.06 update 6 (build 750) Tool: armlink [4d35ed]

==============================================================================

Section Cross References

    main.o(.text) refers to systick.o(.text) for SysTick_Configuration
    main.o(.text) refers to misc.o(.text) for NVIC_PriorityGroupConfig
    main.o(.text) refers to dma_adc.o(.text) for adc_dma_init
    main.o(.text) refers to usart.o(.text) for Usart2_Init
    system_stm32f10x.o(.text) refers to system_stm32f10x.o(.data) for SystemCoreClock
    led.o(.text) refers to stm32f10x_rcc.o(.text) for RCC_APB2PeriphClockCmd
    led.o(.text) refers to stm32f10x_gpio.o(.text) for GPIO_Init
    oled.o(.text) refers to oled.o(.bss) for OLED_GRAM
    oled.o(.text) refers to oled.o(.constdata) for asc2_1206
    oled.o(.text) refers to frleqf.o(x$fpl$frleqf) for __aeabi_cfrcmple
    oled.o(.text) refers to ffix.o(x$fpl$ffix) for __aeabi_f2iz
    oled.o(.text) refers to fflt_clz.o(x$fpl$fflt) for __aeabi_i2f
    oled.o(.text) refers to faddsub_clz.o(x$fpl$frsb) for __aeabi_frsub
    oled.o(.text) refers to fmul.o(x$fpl$fmul) for __aeabi_fmul
    oled.o(.text) refers to fdiv.o(x$fpl$fdiv) for __aeabi_fdiv
    oled.o(.text) refers to stm32f10x_rcc.o(.text) for RCC_APB2PeriphClockCmd
    oled.o(.text) refers to stm32f10x_gpio.o(.text) for GPIO_Init
    key.o(.text) refers to stm32f10x_rcc.o(.text) for RCC_APB2PeriphClockCmd
    key.o(.text) refers to stm32f10x_gpio.o(.text) for GPIO_PinRemapConfig
    key.o(.text) refers to key.o(.data) for key_up
    timer.o(.text) refers to stm32f10x_rcc.o(.text) for RCC_APB2PeriphClockCmd
    timer.o(.text) refers to stm32f10x_gpio.o(.text) for GPIO_Init
    timer.o(.text) refers to stm32f10x_tim.o(.text) for TIM_TimeBaseInit
    timer.o(.text) refers to misc.o(.text) for NVIC_Init
    encoder.o(.text) refers to stm32f10x_rcc.o(.text) for RCC_APB1PeriphClockCmd
    encoder.o(.text) refers to stm32f10x_gpio.o(.text) for GPIO_Init
    encoder.o(.text) refers to stm32f10x_tim.o(.text) for TIM_TimeBaseStructInit
    pid.o(.text) refers to faddsub_clz.o(x$fpl$fsub) for __aeabi_fsub
    pid.o(.text) refers to fmul.o(x$fpl$fmul) for __aeabi_fmul
    pid.o(.text) refers to faddsub_clz.o(x$fpl$fadd) for __aeabi_fadd
    pid.o(.text) refers to motor.o(.text) for limit
    pid.o(.text) refers to pid.o(.bss) for pid
    pid.o(.text) refers to pid.o(.data) for flag_pid
    motor.o(.text) refers to stm32f10x_rcc.o(.text) for RCC_APB2PeriphClockCmd
    motor.o(.text) refers to stm32f10x_gpio.o(.text) for GPIO_Init
    motor.o(.text) refers to frleqf.o(x$fpl$frleqf) for __aeabi_cfrcmple
    motor.o(.text) refers to fleqf.o(x$fpl$fleqf) for __aeabi_cfcmple
    motor.o(.text) refers to feqf.o(x$fpl$feqf) for __aeabi_cfcmpeq
    motor.o(.text) refers to ffixu.o(x$fpl$ffixu) for __aeabi_f2uiz
    motor.o(.text) refers to stm32f10x_tim.o(.text) for TIM_SetCompare4
    systick.o(.text) refers to stm32f10x_rcc.o(.text) for RCC_GetClocksFreq
    systick.o(.text) refers to misc.o(.text) for SysTick_CLKSourceConfig
    systick.o(.text) refers to systick.o(.bss) for rcc_clocks
    systick.o(.text) refers to systick.o(.data) for systime_ms
    systick.o(.data) refers to systick.o(.text) for Loop_1000Hz
    exti.o(.text) refers to key.o(.text) for KEY_Init
    exti.o(.text) refers to stm32f10x_rcc.o(.text) for RCC_APB2PeriphClockCmd
    exti.o(.text) refers to stm32f10x_gpio.o(.text) for GPIO_EXTILineConfig
    exti.o(.text) refers to stm32f10x_exti.o(.text) for EXTI_Init
    exti.o(.text) refers to misc.o(.text) for NVIC_Init
    dma_adc.o(.text) refers to stm32f10x_rcc.o(.text) for RCC_AHBPeriphClockCmd
    dma_adc.o(.text) refers to stm32f10x_gpio.o(.text) for GPIO_Init
    dma_adc.o(.text) refers to stm32f10x_dma.o(.text) for DMA_DeInit
    dma_adc.o(.text) refers to stm32f10x_adc.o(.text) for ADC_DeInit
    dma_adc.o(.text) refers to fflt_clz.o(x$fpl$fflt) for __aeabi_i2f
    dma_adc.o(.text) refers to fdiv.o(x$fpl$fdiv) for __aeabi_fdiv
    dma_adc.o(.text) refers to f2d.o(x$fpl$f2d) for __aeabi_f2d
    dma_adc.o(.text) refers to dmul.o(x$fpl$dmul) for __aeabi_dmul
    dma_adc.o(.text) refers to d2f.o(x$fpl$d2f) for __aeabi_d2f
    dma_adc.o(.text) refers to dma_adc.o(.bss) for ADC_ConvertedValue
    openmv.o(.text) refers to openmv.o(.data) for state
    hmi.o(.text) refers to hmi.o(.data) for state
    ldm.o(.text) refers to fflt_clz.o(x$fpl$fflt) for __aeabi_i2f
    ldm.o(.text) refers to ldm.o(.data) for state
    delay.o(.text) refers to misc.o(.text) for SysTick_CLKSourceConfig
    delay.o(.text) refers to system_stm32f10x.o(.data) for SystemCoreClock
    delay.o(.text) refers to delay.o(.data) for fac_us
    usart.o(.text) refers (Special) to use_no_semi_2.o(.text) for __use_no_semihosting
    usart.o(.text) refers to stm32f10x_usart.o(.text) for USART_SendData
    usart.o(.text) refers to stm32f10x_rcc.o(.text) for RCC_APB2PeriphClockCmd
    usart.o(.text) refers to stm32f10x_gpio.o(.text) for GPIO_Init
[...]
    .ARM.Collect$$_printf_percent$$00000010  0x08000202   Section        6  _printf_llo.o(.ARM.Collect$$_printf_percent$$00000010)
    .ARM.Collect$$_printf_percent$$00000011  0x08000208   Section        6  _printf_llx.o(.ARM.Collect$$_printf_percent$$00000011)
    .ARM.Collect$$_printf_percent$$00000012  0x0800020e   Section       10  _printf_l.o(.ARM.Collect$$_printf_percent$$00000012)
    .ARM.Collect$$_printf_percent$$00000013  0x08000218   Section        6  _printf_c.o(.ARM.Collect$$_printf_percent$$00000013)
    .ARM.Collect$$_printf_percent$$00000014  0x0800021e   Section        6  _printf_s.o(.ARM.Collect$$_printf_percent$$00000014)
    .ARM.Collect$$_printf_percent$$00000015  0x08000224   Section        6  _printf_lc.o(.ARM.Collect$$_printf_percent$$00000015)
    .ARM.Collect$$_printf_percent$$00000016  0x0800022a   Section        6  _printf_ls.o(.ARM.Collect$$_printf_percent$$00000016)
    .ARM.Collect$$_printf_percent$$00000017  0x08000230   Section        4  _printf_percent_end.o(.ARM.Collect$$_printf_percent$$00000017)
    .ARM.Collect$$libinit$$00000000          0x08000234   Section        2  libinit.o(.ARM.Collect$$libinit$$00000000)
    .ARM.Collect$$libinit$$00000002          0x08000236   Section        0  libinit2.o(.ARM.Collect$$libinit$$00000002)
    .ARM.Collect$$libinit$$00000004          0x08000236   Section        0  libinit2.o(.ARM.Collect$$libinit$$00000004)
    .ARM.Collect$$libinit$$0000000A          0x08000236   Section        0  libinit2.o(.ARM.Collect$$libinit$$0000000A)
    .ARM.Collect$$libinit$$0000000C          0x08000236   Section        0  libinit2.o(.ARM.Collect$$libinit$$0000000C)
    .ARM.Collect$$libinit$$0000000E          0x08000236   Section        0  libinit2.o(.ARM.Collect$$libinit$$0000000E)
    .ARM.Collect$$libinit$$0000000F          0x08000236   Section        6  libinit2.o(.ARM.Collect$$libinit$$0000000F)
    .ARM.Collect$$libinit$$00000011          0x0800023c   Section        0  libinit2.o(.ARM.Collect$$libinit$$00000011)
    .ARM.Collect$$libinit$$00000012          0x0800023c   Section       12  libinit2.o(.ARM.Collect$$libinit$$00000012)
    .ARM.Collect$$libinit$$00000013          0x08000248   Section        0  libinit2.o(.ARM.Collect$$libinit$$00000013)
    .ARM.Collect$$libinit$$00000015          0x08000248   Section        0  libinit2.o(.ARM.Collect$$libinit$$00000015)
    .ARM.Collect$$libinit$$00000016          0x08000248   Section       10  libinit2.o(.ARM.Collect$$libinit$$00000016)
    .ARM.Collect$$libinit$$00000017          0x08000252   Section        0  libinit2.o(.ARM.Collect$$libinit$$00000017)
    .ARM.Collect$$libinit$$00000019          0x08000252   Section        0  libinit2.o(.ARM.Collect$$libinit$$00000019)
    .ARM.Collect$$libinit$$0000001B          0x08000252   Section        0  libinit2.o(.ARM.Collect$$libinit$$0000001B)
    .ARM.Collect$$libinit$$0000001D          0x08000252   Section        0  libinit2.o(.ARM.Collect$$libinit$$0000001D)
    .ARM.Collect$$libinit$$0000001F          0x08000252   Section        0  libinit2.o(.ARM.Collect$$libinit$$0000001F)
    .ARM.Collect$$libinit$$00000021          0x08000252   Section        0  libinit2.o(.ARM.Collect$$libinit$$00000021)
    .ARM.Collect$$libinit$$00000023          0x08000252   Section        0  libinit2.o(.ARM.Collect$$libinit$$00000023)
    .ARM.Collect$$libinit$$00000025          0x08000252   Section        0  libinit2.o(.ARM.Collect$$libinit$$00000025)
    .ARM.Collect$$libinit$$0000002C          0x08000252   Section        0  libinit2.o(.ARM.Collect$$libinit$$0000002C)
    .ARM.Collect$$libinit$$0000002E          0x08000252   Section        0  libinit2.o(.ARM.Collect$$libinit$$0000002E)
    .ARM.Collect$$libinit$$00000030          0x08000252   Section        0  libinit2.o(.ARM.Collect$$libinit$$00000030)
    .ARM.Collect$$libinit$$00000032          0x08000252   Section        0  libinit2.o(.ARM.Collect$$libinit$$00000032)
    .ARM.Collect$$libinit$$00000033          0x08000252   Section        2  libinit2.o(.ARM.Collect$$libinit$$00000033)
    .ARM.Collect$$libshutdown$$00000000      0x08000254   Section        2  libshutdown.o(.ARM.Collect$$libshutdown$$00000000)
    .ARM.Collect$$libshutdown$$00000002      0x08000256   Section        0  libshutdown2.o(.ARM.Collect$$libshutdown$$00000002)
    .ARM.Collect$$libshutdown$$00000004      0x08000256   Section        0  libshutdown2.o(.ARM.Collect$$libshutdown$$00000004)
    .ARM.Collect$$libshutdown$$00000007      0x08000256   Section        0  libshutdown2.o(.ARM.Collect$$libshutdown$$00000007)
    .ARM.Collect$$libshutdown$$0000000A      0x08000256   Section        0  libshutdown2.o(.ARM.Collect$$libshutdown$$0000000A)
    .ARM.Collect$$libshutdown$$0000000C      0x08000256   Section        0  libshutdown2.o(.ARM.Collect$$libshutdown$$0000000C)
    .ARM.Collect$$libshutdown$$0000000F      0x08000256   Section        0  libshutdown2.o(.ARM.Collect$$libshutdown$$0000000F)
    .ARM.Collect$$libshutdown$$00000010      0x08000256   Section        2  libshutdown2.o(.ARM.Collect$$libshutdown$$00000010)
    .ARM.Collect$$rtentry$$00000000          0x08000258   Section        0  __rtentry.o(.ARM.Collect$$rtentry$$00000000)
    .ARM.Collect$$rtentry$$00000002          0x08000258   Section        0  __rtentry2.o(.ARM.Collect$$rtentry$$00000002)
    .ARM.Collect$$rtentry$$00000004          0x08000258   Section        6  __rtentry4.o(.ARM.Collect$$rtentry$$00000004)
    .ARM.Collect$$rtentry$$00000009          0x0800025e   Section        0  __rtentry2.o(.ARM.Collect$$rtentry$$00000009)
    .ARM.Collect$$rtentry$$0000000A          0x0800025e   Section        4  __rtentry2.o(.ARM.Collect$$rtentry$$0000000A)
    .ARM.Collect$$rtentry$$0000000C          0x08000262   Section        0  __rtentry2.o(.ARM.Collect$$rtentry$$0000000C)
    .ARM.Collect$$rtentry$$0000000D          0x08000262   Section        8  __rtentry2.o(.ARM.Collect$$rtentry$$0000000D)
    .ARM.Collect$$rtexit$$00000000           0x0800026a   Section        2  rtexit.o(.ARM.Collect$$rtexit$$00000000)
    .ARM.Collect$$rtexit$$00000002           0x0800026c   Section        0  rtexit2.o(.ARM.Collect$$rtexit$$00000002)
    .ARM.Collect$$rtexit$$00000003           0x0800026c   Section        4  rtexit2.o(.ARM.Collect$$rtexit$$00000003)
    .ARM.Collect$$rtexit$$00000004           0x08000270   Section        6  rtexit2.o(.ARM.Collect$$rtexit$$00000004)
    .text                                    0x08000276   Section        0  main.o(.text)
    .text                                    0x0800029a   Section        0  stm32f10x_it.o(.text)
    .text                                    0x080002b4   Section        0  system_stm32f10x.o(.text)
    SetSysClockTo72                          0x080002b5   Thumb Code   214  system_stm32f10x.o(.text)
    SetSysClock                              0x0800038b   Thumb Code     8  system_stm32f10x.o(.text)
    .text                                    0x08000494   Section        0  key.o(.text)
    .text                                    0x080005bc   Section        0  systick.o(.text)
    .text                                    0x08000770   Section        0  exti.o(.text)
    .text                                    0x080008e0   Section        0  dma_adc.o(.text)
    .text                                    0x08000ac8   Section        0  usart.o(.text)
    .text                                    0x08000f44   Section       64  startup_stm32f10x_hd.o(.text)
    .text                                    0x08000f84   Section        0  stm32f10x_gpio.o(.text)
    .text                                    0x080012e0   Section        0  stm32f10x_rcc.o(.text)
    .text                                    0x08001684   Section        0  stm32f10x_usart.o(.text)
    .text                                    0x08001a8c   Section        0  misc.o(.text)
    .text                                    0x08001b68   Section        0  stm32f10x_exti.o(.text)
    .text                                    0x08001c84   Section        0  stm32f10x_adc.o(.text)
    .text                                    0x080020d4   Section        0  stm32f10x_dma.o(.text)
    .text                                    0x08002328   Section        2  use_no_semi_2.o(.text)
    .text                                    0x0800232c   Section        0  vsprintf.o(.text)
    .text                                    0x08002350   Section        0  heapauxi.o(.text)
    .text                                    0x08002356   Section        2  use_no_semi.o(.text)
    .text                                    0x08002358   Section        0  _printf_pad.o(.text)
    .text                                    0x080023a6   Section        0  _printf_truncate.o(.text)
    .text                                    0x080023ca   Section        0  _printf_str.o(.text)
    .text                                    0x0800241c   Section        0  _printf_dec.o(.text)
    .text                                    0x08002494   Section        0  _printf_charcount.o(.text)
    .text                                    0x080024bc   Section        0  _printf_char_common.o(.text)
    _printf_input_char                       0x080024bd   Thumb Code    10  _printf_char_common.o(.text)
    .text                                    0x080024ec   Section        0  _sputc.o(.text)
    .text                                    0x080024f8   Section        0  _printf_wctomb.o(.text)
    .text                                    0x080025b4   Section        0  _printf_longlong_dec.o(.text)
    .text                                    0x08002630   Section        0  _printf_oct_int_ll.o(.text)
    _printf_longlong_oct_internal            0x08002631   Thumb Code     0  _printf_oct_int_ll.o(.text)
    .text                                    0x080026a0   Section        0  _printf_hex_int_ll_ptr.o(.text)
    _printf_hex_common                       0x080026a1   Thumb Code     0  _printf_hex_int_ll_ptr.o(.text)
    .text                                    0x08002734   Section        0  __printf_flags_ss_wp.o(.text)
    .text                                    0x080028bc   Section      138  lludiv10.o(.text)
    .text                                    0x08002946   Section        0  _printf_intcommon.o(.text)
    .text                                    0x080029f8   Section        0  _printf_fp_dec.o(.text)
    _fp_digits                               0x080029fb   Thumb Code   432  _printf_fp_dec.o(.text)
    .text                                    0x08002e18   Section        0  _printf_fp_hex.o(.text)
    .text                                    0x08003114   Section        0  _printf_char.o(.text)
    .text                                    0x08003140   Section        0  _printf_wchar.o(.text)
    .text                                    0x0800316c   Section        0  _wcrtomb.o(.text)
    .text                                    0x080031ac   Section        8  libspace.o(.text)
    .text                                    0x080031b4   Section       74  sys_stackheap_outer.o(.text)
    .text                                    0x08003200   Section       16  rt_ctype_table.o(.text)
    .text                                    0x08003210   Section        8  rt_locale_intlibspace.o(.text)
    .text                                    0x08003218   Section        0  _printf_fp_infnan.o(.text)
    .text                                    0x08003298   Section        0  bigflt0.o(.text)
    .text                                    0x0800337c   Section        0  exit.o(.text)
    .text                                    0x08003390   Section      128  strcmpv7m.o(.text)
    CL$$btod_d2e                             0x08003410   Section       62  btod.o(CL$$btod_d2e)
    CL$$btod_d2e_denorm_low                  0x0800344e   Section       70  btod.o(CL$$btod_d2e_denorm_low)
    CL$$btod_d2e_norm_op1                    0x08003494   Section       96  btod.o(CL$$btod_d2e_norm_op1)
    CL$$btod_div_common                      0x080034f4   Section      824  btod.o(CL$$btod_div_common)
    CL$$btod_e2e                             0x0800382c   Section      220  btod.o(CL$$btod_e2e)
    CL$$btod_ediv                            0x08003908   Section       42  btod.o(CL$$btod_ediv)
    CL$$btod_emul                            0x08003932   Section       42  btod.o(CL$$btod_emul)
    CL$$btod_mult_common                     0x0800395c   Section      580  btod.o(CL$$btod_mult_common)
    i.__ARM_fpclassify                       0x08003ba0   Section        0  fpclassify.o(i.__ARM_fpclassify)
    i._is_digit                              0x08003bc8   Section        0  __printf_wp.o(i._is_digit)
    locale$$code                             0x08003bd8   Section       44  lc_numeric_c.o(locale$$code)
    locale$$code                             0x08003c04   Section       44  lc_ctype_c.o(locale$$code)
    x$fpl$d2f                                0x08003c30   Section       98  d2f.o(x$fpl$d2f)
    x$fpl$dmul                               0x08003c94   Section      340  dmul.o(x$fpl$dmul)
    x$fpl$dnaninf                            0x08003de8   Section      156  dnaninf.o(x$fpl$dnaninf)
    x$fpl$dretinf                            0x08003e84   Section       12  dretinf.o(x$fpl$dretinf)
    x$fpl$f2d                                0x08003e90   Section       86  f2d.o(x$fpl$f2d)
    x$fpl$fdiv                               0x08003ee8   Section      388  fdiv.o(x$fpl$fdiv)
    _fdiv1                                   0x08003ee9   Thumb Code     0  fdiv.o(x$fpl$fdiv)
    x$fpl$fflt                               0x0800406c   Section       48  fflt_clz.o(x$fpl$fflt)
    x$fpl$fnaninf                            0x0800409c   Section      140  fnaninf.o(x$fpl$fnaninf)
    x$fpl$fretinf                            0x08004128   Section       10  fretinf.o(x$fpl$fretinf)
    x$fpl$printf1                            0x08004132   Section        4  printf1.o(x$fpl$printf1)
    x$fpl$printf2                            0x08004136   Section        4  printf2.o(x$fpl$printf2)
    x$fpl$usenofp                            0x0800413a   Section        0  usenofp.o(x$fpl$usenofp)
    .constdata                               0x0800413c   Section        8  _printf_wctomb.o(.constdata)
    initial_mbstate                          0x0800413c   Data           8  _printf_wctomb.o(.constdata)
    .constdata                               0x08004144   Section       40  _printf_hex_int_ll_ptr.o(.constdata)
    uc_hextab                                0x08004144   Data          20  _printf_hex_int_ll_ptr.o(.constdata)
    lc_hextab                                0x08004158   Data          20  _printf_hex_int_ll_ptr.o(.constdata)
    .constdata                               0x0800416c   Section       17  __printf_flags_ss_wp.o(.constdata)
    maptable                                 0x0800416c   Data          17  __printf_flags_ss_wp.o(.constdata)
    .constdata                               0x0800417d   Section       38  _printf_fp_hex.o(.constdata)
    lc_hextab                                0x0800417d   Data          19  _printf_fp_hex.o(.constdata)
    uc_hextab                                0x08004190   Data          19  _printf_fp_hex.o(.constdata)
    .constdata                               0x080041a4   Section      148  bigflt0.o(.constdata)
    tenpwrs_x                                0x080041a4   Data          60  bigflt0.o(.constdata)
    tenpwrs_i                                0x080041e0   Data          64  bigflt0.o(.constdata)
    locale$$data                             0x08004258   Section       28  lc_numeric_c.o(locale$$data)
    __lcnum_c_name                           0x0800425c   Data           2  lc_numeric_c.o(locale$$data)
    __lcnum_c_start                          0x08004264   Data           0  lc_numeric_c.o(locale$$data)
    __lcnum_c_point                          0x08004270   Data           0  lc_numeric_c.o(locale$$data)
    __lcnum_c_thousands                      0x08004272   Data           0  lc_numeric_c.o(locale$$data)
    __lcnum_c_grouping                       0x08004273   Data           0  lc_numeric_c.o(locale$$data)
    locale$$data                             0x08004274   Section      272  lc_ctype_c.o(locale$$data)
    __lcnum_c_end                            0x08004274   Data           0  lc_numeric_c.o(locale$$data)
    __lcctype_c_name                         0x08004278   Data           2  lc_ctype_c.o(locale$$data)
    __lcctype_c_start                        0x08004280   Data           0  lc_ctype_c.o(locale$$data)
    __lcctype_c_end                          0x08004384   Data           0  lc_ctype_c.o(locale$$data)
    .data                                    0x20000000   Section       20  system_stm32f10x.o(.data)
    .data                                    0x20000014   Section        1  key.o(.data)
    key_up                                   0x20000014   Data           1  key.o(.data)
    .data                                    0x20000018   Section      104  systick.o(.data)
    sched_tasks                              0x20000020   Data          96  systick.o(.data)
    .data                                    0x20000080   Section        7  usart.o(.data)
    .data                                    0x20000087   Section       20  stm32f10x_rcc.o(.data)
    APBAHBPrescTable                         0x20000087   Data          16  stm32f10x_rcc.o(.data)
    ADCPrescTable                            0x20000097   Data           4  stm32f10x_rcc.o(.data)
    .bss                                     0x2000009c   Section       20  systick.o(.bss)
    .bss                                     0x200000b0   Section      192  dma_adc.o(.bss)
    .bss                                     0x20000170   Section      192  usart.o(.bss)
    .bss                                     0x20000230   Section       96  libspace.o(.bss)
    HEAP                                     0x20000290   Section      512  startup_stm32f10x_hd.o(HEAP)
    Heap_Mem                                 0x20000290   Data         512  startup_stm32f10x_hd.o(HEAP)
    STACK                                    0x20000490   Section     1024  startup_stm32f10x_hd.o(STACK)
    Stack_Mem                                0x20000490   Data        1024  startup_stm32f10x_hd.o(STACK)
    __initial_sp                             0x20000890   Data           0  startup_stm32f10x_hd.o(STACK)

    Global Symbols

    Symbol Name                              Value     Ov Type        Size  Object(Section)

    BuildAttributes$$THM_ISAv4$P$D$K$B$S$PE$A:L22UL41UL21$X:L11$S22US41US21$IEEE1$IW$USESV6$~STKCKD$USESV7$~SHL$OTIME$ROPI$IEEEX$EBA8$UX$STANDARDLIB$REQ8$PRES8$EABIv2 0x00000000   Number         0  anon$$obj.o ABSOLUTE
    __ARM_use_no_argv                        0x00000000   Number         0  main.o ABSOLUTE
    _printf_flags                            0x00000000   Number         0  printf_stubs.o ABSOLUTE
    _printf_return_value                     0x00000000   Number         0  printf_stubs.o ABSOLUTE
    _printf_sizespec                         0x00000000   Number         0  printf_stubs.o ABSOLUTE
    _printf_widthprec                        0x00000000   Number         0  printf_stubs.o ABSOLUTE
    __ARM_exceptions_init                     - Undefined Weak Reference
    __alloca_initialize                       - Undefined Weak Reference
    __arm_preinit_                            - Undefined Weak Reference
    __cpp_initialize__aeabi_                  - Undefined Weak Reference
    __cxa_finalize                            - Undefined Weak Reference
    __sigvec_lookup                           - Undefined Weak Reference
    _atexit_init                              - Undefined Weak Reference
    _call_atexit_fns                          - Undefined Weak Reference
    _clock_init                               - Undefined Weak Reference
    _fp_trap_init                             - Undefined Weak Reference
    _fp_trap_shutdown                         - Undefined Weak Reference
    _get_lc_collate                           - Undefined Weak Reference
    _get_lc_monetary                          - Undefined Weak Reference
    _get_lc_time                              - Undefined Weak Reference
    _getenv_init                              - Undefined Weak Reference
    _handle_redirection                       - Undefined Weak Reference
    _init_alloc                               - Undefined Weak Reference
    _init_user_alloc                          - Undefined Weak Reference
    _initio                                   - Undefined Weak Reference
    _printf_mbtowc                            - Undefined Weak Reference
    _printf_wc                                - Undefined Weak Reference
    _rand_init                                - Undefined Weak Reference
    _signal_finish                            - Undefined Weak Reference
    _signal_init                              - Undefined Weak Reference
    _terminate_alloc                          - Undefined Weak Reference
    _terminate_user_alloc                     - Undefined Weak Reference
    _terminateio                              - Undefined Weak Reference
    __Vectors_Size                           0x00000130   Number         0  startup_stm32f10x_hd.o ABSOLUTE
    __Vectors                                0x08000000   Data           4  startup_stm32f10x_hd.o(RESET)
    __Vectors_End                            0x08000130   Data           0  startup_stm32f10x_hd.o(RESET)
    __main                                   0x08000131   Thumb Code     8  __main.o(!!!main)
    __scatterload                            0x08000139   Thumb Code     0  __scatter.o(!!!scatter)
    __scatterload_rt2                        0x08000139   Thumb Code    44  __scatter.o(!!!scatter)
    __scatterload_rt2_thumb_only             0x08000139   Thumb Code     0  __scatter.o(!!!scatter)
    __scatterload_null                       0x08000147   Thumb Code     0  __scatter.o(!!!scatter)
    __scatterload_copy                       0x0800016d   Thumb Code    26  __scatter_copy.o(!!handler_copy)
    __scatterload_zeroinit                   0x08000189   Thumb Code    28  __scatter_zi.o(!!handler_zi)
    _printf_n                                0x080001a5   Thumb Code     0  _printf_n.o(.ARM.Collect$$_printf_percent$$00000001)
    _printf_percent                          0x080001a5   Thumb Code     0  _printf_percent.o(.ARM.Collect$$_printf_percent$$00000000)
    _printf_p                                0x080001ab   Thumb Code     0  _printf_p.o(.ARM.Collect$$_printf_percent$$00000002)
    _printf_f                                0x080001b1   Thumb Code     0  _printf_f.o(.ARM.Collect$$_printf_percent$$00000003)
    _printf_e                                0x080001b7   Thumb Code     0  _printf_e.o(.ARM.Collect$$_printf_percent$$00000004)
    _printf_g                                0x080001bd   Thumb Code     0  _printf_g.o(.ARM.Collect$$_printf_percent$$00000005)
    _printf_a                                0x080001c3   Thumb Code     0  _printf_a.o(.ARM.Collect$$_printf_percent$$00000006)
    _printf_ll                               0x080001c9   Thumb Code     0  _printf_ll.o(.ARM.Collect$$_printf_percent$$00000007)
    _printf_i                                0x080001d3   Thumb Code     0  _printf_i.o(.ARM.Collect$$_printf_percent$$00000008)
    _printf_d                                0x080001d9   Thumb Code     0  _printf_d.o(.ARM.Collect$$_printf_percent$$00000009)
    _printf_u                                0x080001df   Thumb Code     0  _printf_u.o(.ARM.Collect$$_printf_percent$$0000000A)
    _printf_o                                0x080001e5   Thumb Code     0  _printf_o.o(.ARM.Collect$$_printf_percent$$0000000B)
    _printf_x                                0x080001eb   Thumb Code     0  _printf_x.o(.ARM.Collect$$_printf_percent$$0000000C)
    _printf_lli                              0x080001f1   Thumb Code     0  _printf_lli.o(.ARM.Collect$$_printf_percent$$0000000D)
    _printf_lld                              0x080001f7   Thumb Code     0  _printf_lld.o(.ARM.Collect$$_printf_percent$$0000000E)
    _printf_llu                              0x080001fd   Thumb Code     0  _printf_llu.o(.ARM.Collect$$_printf_percent$$0000000F)
    _printf_llo                              0x08000203   Thumb Code     0  _printf_llo.o(.ARM.Collect$$_printf_percent$$00000010)
    _printf_llx                              0x08000209   Thumb Code     0  _printf_llx.o(.ARM.Collect$$_printf_percent$$00000011)
    _printf_l                                0x0800020f   Thumb Code     0  _printf_l.o(.ARM.Collect$$_printf_percent$$00000012)
    _printf_c                                0x08000219   Thumb Code     0  _printf_c.o(.ARM.Collect$$_printf_percent$$00000013)
    _printf_s                                0x0800021f   Thumb Code     0  _printf_s.o(.ARM.Collect$$_printf_percent$$00000014)
    _printf_lc                               0x08000225   Thumb Code     0  _printf_lc.o(.ARM.Collect$$_printf_percent$$00000015)
    _printf_ls                               0x0800022b   Thumb Code     0  _printf_ls.o(.ARM.Collect$$_printf_percent$$00000016)
    _printf_percent_end                      0x08000231   Thumb Code     0  _printf_percent_end.o(.ARM.Collect$$_printf_percent$$00000017)
    __rt_lib_init                            0x08000235   Thumb Code     0  libinit.o(.ARM.Collect$$libinit$$00000000)
    __rt_lib_init_fp_1                       0x08000237   Thumb Code     0  libinit2.o(.ARM.Collect$$libinit$$00000002)
    __rt_lib_init_heap_1                     0x08000237   Thumb Code     0  libinit2.o(.ARM.Collect$$libinit$$0000000A)
    __rt_lib_init_lc_common                  0x08000237   Thumb Code     0  libinit2.o(.ARM.Collect$$libinit$$0000000F)
    __rt_lib_init_preinit_1                  0x08000237   Thumb Code     0  libinit2.o(.ARM.Collect$$libinit$$00000004)
    __rt_lib_init_rand_1                     0x08000237   Thumb Code     0  libinit2.o(.ARM.Collect$$libinit$$0000000E)
    __rt_lib_init_user_alloc_1               0x08000237   Thumb Code     0  libinit2.o(.ARM.Collect$$libinit$$0000000C)
    __rt_lib_init_lc_collate_1               0x0800023d   Thumb Code     0  libinit2.o(.ARM.Collect$$libinit$$00000011)
    __rt_lib_init_lc_ctype_2                 0x0800023d   Thumb Code     0  libinit2.o(.ARM.Collect$$libinit$$00000012)
    __rt_lib_init_lc_ctype_1                 0x08000249   Thumb Code     0  libinit2.o(.ARM.Collect$$libinit$$00000013)
    __rt_lib_init_lc_monetary_1              0x08000249   Thumb Code     0  libinit2.o(.ARM.Collect$$libinit$$00000015)
    __rt_lib_init_lc_numeric_2               0x08000249   Thumb Code     0  libinit2.o(.ARM.Collect$$libinit$$00000016)
    __rt_lib_init_alloca_1                   0x08000253   Thumb Code     0  libinit2.o(.ARM.Collect$$libinit$$0000002E)
    __rt_lib_init_argv_1                     0x08000253   Thumb Code     0  libinit2.o(.ARM.Collect$$libinit$$0000002C)
    __rt_lib_init_atexit_1                   0x08000253   Thumb Code     0  libinit2.o(.ARM.Collect$$libinit$$0000001B)
    __rt_lib_init_clock_1                    0x08000253   Thumb Code     0  libinit2.o(.ARM.Collect$$libinit$$00000021)
    __rt_lib_init_cpp_1                      0x08000253   Thumb Code     0  libinit2.o(.ARM.Collect$$libinit$$00000032)
    __rt_lib_init_exceptions_1               0x08000253   Thumb Code     0  libinit2.o(.ARM.Collect$$libinit$$00000030)
    __rt_lib_init_fp_trap_1                  0x08000253   Thumb Code     0  libinit2.o(.ARM.Collect$$libinit$$0000001F)
    __rt_lib_init_getenv_1                   0x08000253   Thumb Code     0  libinit2.o(.ARM.Collect$$libinit$$00000023)
    __rt_lib_init_lc_numeric_1               0x08000253   Thumb Code     0  libinit2.o(.ARM.Collect$$libinit$$00000017)
    __rt_lib_init_lc_time_1                  0x08000253   Thumb Code     0  libinit2.o(.ARM.Collect$$libinit$$00000019)
    __rt_lib_init_return                     0x08000253   Thumb Code     0  libinit2.o(.ARM.Collect$$libinit$$00000033)
    __rt_lib_init_signal_1                   0x08000253   Thumb Code     0  libinit2.o(.ARM.Collect$$libinit$$0000001D)
    __rt_lib_init_stdio_1                    0x08000253   Thumb Code     0  libinit2.o(.ARM.Collect$$libinit$$00000025)
    __rt_lib_shutdown                        0x08000255   Thumb Code     0  libshutdown.o(.ARM.Collect$$libshutdown$$00000000)
    __rt_lib_shutdown_cpp_1                  0x08000257   Thumb Code     0  libshutdown2.o(.ARM.Collect$$libshutdown$$00000002)
    __rt_lib_shutdown_fp_trap_1              0x08000257   Thumb Code     0  libshutdown2.o(.ARM.Collect$$libshutdown$$00000007)
    __rt_lib_shutdown_heap_1                 0x08000257   Thumb Code     0  libshutdown2.o(.ARM.Collect$$libshutdown$$0000000F)
    __rt_lib_shutdown_return                 0x08000257   Thumb Code     0  libshutdown2.o(.ARM.Collect$$libshutdown$$00000010)
    __rt_lib_shutdown_signal_1               0x08000257   Thumb Code     0  libshutdown2.o(.ARM.Collect$$libshutdown$$0000000A)
    __rt_lib_shutdown_stdio_1                0x08000257   Thumb Code     0  libshutdown2.o(.ARM.Collect$$libshutdown$$00000004)
    __rt_lib_shutdown_user_alloc_1           0x08000257   Thumb Code     0  libshutdown2.o(.ARM.Collect$$libshutdown$$0000000C)
    __rt_entry                               0x08000259   Thumb Code     0  __rtentry.o(.ARM.Collect$$rtentry$$00000000)
    __rt_entry_presh_1                       0x08000259   Thumb Code     0  __rtentry2.o(.ARM.Collect$$rtentry$$00000002)
    __rt_entry_sh                            0x08000259   Thumb Code     0  __rtentry4.o(.ARM.Collect$$rtentry$$00000004)
    __rt_entry_li                            0x0800025f   Thumb Code     0  __rtentry2.o(.ARM.Collect$$rtentry$$0000000A)
    __rt_entry_postsh_1                      0x0800025f   Thumb Code     0  __rtentry2.o(.ARM.Collect$$rtentry$$00000009)
    __rt_entry_main                          0x08000263   Thumb Code     0  __rtentry2.o(.ARM.Collect$$rtentry$$0000000D)
    __rt_entry_postli_1                      0x08000263   Thumb Code     0  __rtentry2.o(.ARM.Collect$$rtentry$$0000000C)
    __rt_exit                                0x0800026b   Thumb Code     0  rtexit.o(.ARM.Collect$$rtexit$$00000000)
    __rt_exit_ls                             0x0800026d   Thumb Code     0  rtexit2.o(.ARM.Collect$$rtexit$$00000003)
    __rt_exit_prels_1                        0x0800026d   Thumb Code     0  rtexit2.o(.ARM.Collect$$rtexit$$00000002)
    __rt_exit_exit                           0x08000271   Thumb Code     0  rtexit2.o(.ARM.Collect$$rtexit$$00000004)
    main                                     0x08000277   Thumb Code    36  main.o(.text)
    NMI_Handler                              0x0800029b   Thumb Code     2  stm32f10x_it.o(.text)
    HardFault_Handler                        0x0800029d   Thumb Code     4  stm32f10x_it.o(.text)
    MemManage_Handler                        0x080002a1   Thumb Code     4  stm32f10x_it.o(.text)
    BusFault_Handler                         0x080002a5   Thumb Code     4  stm32f10x_it.o(.text)
    UsageFault_Handler                       0x080002a9   Thumb Code     4  stm32f10x_it.o(.text)
    SVC_Handler                              0x080002ad   Thumb Code     2  stm32f10x_it.o(.text)
    DebugMon_Handler                         0x080002af   Thumb Code     2  stm32f10x_it.o(.text)
    PendSV_Handler                           0x080002b1   Thumb Code     2  stm32f10x_it.o(.text)
    SystemInit                               0x08000393   Thumb Code    78  system_stm32f10x.o(.text)
    SystemCoreClockUpdate                    0x080003e1   Thumb Code   142  system_stm32f10x.o(.text)
    KEY_Init                                 0x08000495   Thumb Code   104  key.o(.text)
    KEY_Scan                                 0x080004fd   Thumb Code   176  key.o(.text)
    SysTick_Configuration                    0x080005bd   Thumb Code   100  systick.o(.text)
    sys_time                                 0x08000621   Thumb Code    12  systick.o(.text)
    SysTick_Handler                          0x0800062d   Thumb Code    18  systick.o(.text)
    SysTick_GetTick                          0x0800063f   Thumb Code     6  systick.o(.text)
    GetSysTime_us                            0x08000645   Thumb Code    58  systick.o(.text)
    delay_us                                 0x0800067f   Thumb Code    24  systick.o(.text)
    delay_ms                                 0x08000697   Thumb Code    24  systick.o(.text)
    Loop_1000Hz                              0x080006af   Thumb Code     2  systick.o(.text)
    Loop_500Hz                               0x080006b1   Thumb Code     2  systick.o(.text)
    Loop_200Hz                               0x080006b3   Thumb Code     2  systick.o(.text)
    Loop_100Hz                               0x080006b5   Thumb Code     2  systick.o(.text)
    Loop_50Hz                                0x080006b7   Thumb Code     2  systick.o(.text)
    Loop_10Hz                                0x080006b9   Thumb Code     2  systick.o(.text)
    Loop_2Hz                                 0x080006bb   Thumb Code     2  systick.o(.text)
    Loop_1Hz                                 0x080006bd   Thumb Code     2  systick.o(.text)
    Scheduler_Setup                          0x080006bf   Thumb Code    76  systick.o(.text)
    Scheduler_Run                            0x0800070b   Thumb Code    76  systick.o(.text)
    EXTIX_Init                               0x08000771   Thumb Code   276  exti.o(.text)
    EXTI9_5_IRQHandler                       0x08000885   Thumb Code    38  exti.o(.text)
    EXTI15_10_IRQHandler                     0x080008ab   Thumb Code    46  exti.o(.text)
    adc_dma_init                             0x080008e1   Thumb Code   360  dma_adc.o(.text)
    ADC1_Average                             0x08000a49   Thumb Code    98  dma_adc.o(.text)
    _sys_exit                                0x08000ac9   Thumb Code     6  usart.o(.text)
    fputc                                    0x08000acf   Thumb Code    82  usart.o(.text)
    Usart1_Init                              0x08000b21   Thumb Code   166  usart.o(.text)
    Usart2_Init                              0x08000bc7   Thumb Code   162  usart.o(.text)
    Usart3_Init                              0x08000c69   Thumb Code   160  usart.o(.text)
    uart4_Init                               0x08000d09   Thumb Code   168  usart.o(.text)
    Usart_SendString                         0x08000db1   Thumb Code    50  usart.o(.text)
    UsartPrintf                              0x08000de3   Thumb Code    68  usart.o(.text)
    USART1_IRQHandler                        0x08000e27   Thumb Code    62  usart.o(.text)
    USART2_IRQHandler                        0x08000e65   Thumb Code    62  usart.o(.text)
    USART3_IRQHandler                        0x08000ea3   Thumb Code   114  usart.o(.text)
    UART4_IRQHandler                         0x08000f15   Thumb Code    34  usart.o(.text)
    Reset_Handler                            0x08000f45   Thumb Code     8  startup_stm32f10x_hd.o(.text)
    ADC1_2_IRQHandler                        0x08000f5f   Thumb Code     0  startup_stm32f10x_hd.o(.text)
    ADC3_IRQHandler                          0x08000f5f   Thumb Code     0  startup_stm32f10x_hd.o(.text)
    CAN1_RX1_IRQHandler                      0x08000f5f   Thumb Code     0  startup_stm32f10x_hd.o(.text)
    CAN1_SCE_IRQHandler                      0x08000f5f   Thumb Code     0  startup_stm32f10x_hd.o(.text)
    DMA1_Channel1_IRQHandler                 0x08000f5f   Thumb Code     0  startup_stm32f10x_hd.o(.text)
    DMA1_Channel2_IRQHandler                 0x08000f5f   Thumb Code     0  startup_stm32f10x_hd.o(.text)
    DMA1_Channel3_IRQHandler                 0x08000f5f   Thumb Code     0  startup_stm32f10x_hd.o(.text)
    DMA1_Channel4_IRQHandler                 0x08000f5f   Thumb Code     0  startup_stm32f10x_hd.o(.text)
    DMA1_Channel5_IRQHandler                 0x08000f5f   Thumb Code     0  startup_stm32f10x_hd.o(.text)
    DMA1_Channel6_IRQHandler                 0x08000f5f   Thumb Code     0  startup_stm32f10x_hd.o(.text)
    DMA1_Channel7_IRQHandler                 0x08000f5f   Thumb Code     0  startup_stm32f10x_hd.o(.text)
    DMA2_Channel1_IRQHandler                 0x08000f5f   Thumb Code     0  startup_stm32f10x_hd.o(.text)
    DMA2_Channel2_IRQHandler                 0x08000f5f   Thumb Code     0  startup_stm32f10x_hd.o(.text)
    DMA2_Channel3_IRQHandler                 0x08000f5f   Thumb Code     0  startup_stm32f10x_hd.o(.text)
    DMA2_Channel4_5_IRQHandler               0x08000f5f   Thumb Code     0  startup_stm32f10x_hd.o(.text)
    EXTI0_IRQHandler                         0x08000f5f   Thumb Code     0  startup_stm32f10x_hd.o(.text)
    EXTI1_IRQHandler                         0x08000f5f   Thumb Code     0  startup_stm32f10x_hd.o(.text)
    EXTI2_IRQHandler                         0x08000f5f   Thumb Code     0  startup_stm32f10x_hd.o(.text)
    EXTI3_IRQHandler                         0x08000f5f   Thumb Code     0  startup_stm32f10x_hd.o(.text)
    EXTI4_IRQHandler                         0x08000f5f   Thumb Code     0  startup_stm32f10x_hd.o(.text)
    FLASH_IRQHandler                         0x08000f5f   Thumb Code     0  startup_stm32f10x_hd.o(.text)
    FSMC_IRQHandler                          0x08000f5f   Thumb Code     0  startup_stm32f10x_hd.o(.text)
    I2C1_ER_IRQHandler                       0x08000f5f   Thumb Code     0  startup_stm32f10x_hd.o(.text)
    I2C1_EV_IRQHandler                       0x08000f5f   Thumb Code     0  startup_stm32f10x_hd.o(.text)
    I2C2_ER_IRQHandler                       0x08000f5f   Thumb Code     0  startup_stm32f10x_hd.o(.text)
    I2C2_EV_IRQHandler                       0x08000f5f   Thumb Code     0  startup_stm32f10x_hd.o(.text)
    PVD_IRQHandler                           0x08000f5f   Thumb Code     0  startup_stm32f10x_hd.o(.text)
    RCC_IRQHandler                           0x08000f5f   Thumb Code     0  startup_stm32f10x_hd.o(.text)
    RTCAlarm_IRQHandler                      0x08000f5f   Thumb Code     0  startup_stm32f10x_hd.o(.text)
    RTC_IRQHandler                           0x08000f5f   Thumb Code     0  startup_stm32f10x_hd.o(.text)
    SDIO_IRQHandler                          0x08000f5f   Thumb Code     0  startup_stm32f10x_hd.o(.text)
    SPI1_IRQHandler                          0x08000f5f   Thumb Code     0  startup_stm32f10x_hd.o(.text)
    SPI2_IRQHandler                          0x08000f5f   Thumb Code     0  startup_stm32f10x_hd.o(.text)
    SPI3_IRQHandler                          0x08000f5f   Thumb Code     0  startup_stm32f10x_hd.o(.text)
    TAMPER_IRQHandler                        0x08000f5f   Thumb Code     0  startup_stm32f10x_hd.o(.text)
    TIM1_BRK_IRQHandler                      0x08000f5f   Thumb Code     0  startup_stm32f10x_hd.o(.text)
    TIM1_CC_IRQHandler                       0x08000f5f   Thumb Code     0  startup_stm32f10x_hd.o(.text)
    TIM1_TRG_COM_IRQHandler                  0x08000f5f   Thumb Code     0  startup_stm32f10x_hd.o(.text)
    TIM1_UP_IRQHandler                       0x08000f5f   Thumb Code     0  startup_stm32f10x_hd.o(.text)
    TIM2_IRQHandler                          0x08000f5f   Thumb Code     0  startup_stm32f10x_hd.o(.text)
    TIM3_IRQHandler                          0x08000f5f   Thumb Code     0  startup_stm32f10x_hd.o(.text)
    TIM4_IRQHandler                          0x08000f5f   Thumb Code     0  startup_stm32f10x_hd.o(.text)
    TIM5_IRQHandler                          0x08000f5f   Thumb Code     0  startup_stm32f10x_hd.o(.text)
    TIM6_IRQHandler                          0x08000f5f   Thumb Code     0  startup_stm32f10x_hd.o(.text)
    TIM7_IRQHandler                          0x08000f5f   Thumb Code     0  startup_stm32f10x_hd.o(.text)
    TIM8_BRK_IRQHandler                      0x08000f5f   Thumb Code     0  startup_stm32f10x_hd.o(.text)
    TIM8_CC_IRQHandler                       0x08000f5f   Thumb Code     0  startup_stm32f10x_hd.o(.text)
    TIM8_TRG_COM_IRQHandler                  0x08000f5f   Thumb Code     0  startup_stm32f10x_hd.o(.text)
    TIM8_UP_IRQHandler                       0x08000f5f   Thumb Code     0  startup_stm32f10x_hd.o(.text)
    UART5_IRQHandler                         0x08000f5f   Thumb Code     0  startup_stm32f10x_hd.o(.text)
    USBWakeUp_IRQHandler                     0x08000f5f   Thumb Code     0  startup_stm32f10x_hd.o(.text)
    USB_HP_CAN1_TX_IRQHandler                0x08000f5f   Thumb Code     0  startup_stm32f10x_hd.o(.text)
    USB_LP_CAN1_RX0_IRQHandler               0x08000f5f   Thumb Code     0  startup_stm32f10x_hd.o(.text)
    WWDG_IRQHandler                          0x08000f5f   Thumb Code     0  startup_stm32f10x_hd.o(.text)
    __user_initial_stackheap                 0x08000f61   Thumb Code     0  startup_stm32f10x_hd.o(.text)
    GPIO_DeInit                              0x08000f85   Thumb Code   172  stm32f10x_gpio.o(.text)
    GPIO_AFIODeInit                          0x08001031   Thumb Code    20  stm32f10x_gpio.o(.text)
    GPIO_Init                                0x08001045   Thumb Code   278  stm32f10x_gpio.o(.text)
    GPIO_StructInit                          0x0800115b   Thumb Code    16  stm32f10x_gpio.o(.text)
    GPIO_ReadInputDataBit                    0x0800116b   Thumb Code    18  stm32f10x_gpio.o(.text)
    GPIO_ReadInputData                       0x0800117d   Thumb Code     8  stm32f10x_gpio.o(.text)
    GPIO_ReadOutputDataBit                   0x08001185   Thumb Code    18  stm32f10x_gpio.o(.text)
    GPIO_ReadOutputData                      0x08001197   Thumb Code     8  stm32f10x_gpio.o(.text)
    GPIO_SetBits                             0x0800119f   Thumb Code     4  stm32f10x_gpio.o(.text)
    GPIO_ResetBits                           0x080011a3   Thumb Code     4  stm32f10x_gpio.o(.text)
    GPIO_WriteBit                            0x080011a7   Thumb Code    10  stm32f10x_gpio.o(.text)
    GPIO_Write                               0x080011b1   Thumb Code     4  stm32f10x_gpio.o(.text)
    GPIO_PinLockConfig                       0x080011b5   Thumb Code    18  stm32f10x_gpio.o(.text)
    GPIO_EventOutputConfig                   0x080011c7   Thumb Code    26  stm32f10x_gpio.o(.text)
    GPIO_EventOutputCmd                      0x080011e1   Thumb Code     6  stm32f10x_gpio.o(.text)
    GPIO_PinRemapConfig                      0x080011e7   Thumb Code   138  stm32f10x_gpio.o(.text)
    GPIO_EXTILineConfig                      0x08001271   Thumb Code    66  stm32f10x_gpio.o(.text)
    GPIO_ETH_MediaInterfaceConfig            0x080012b3   Thumb Code     8  stm32f10x_gpio.o(.text)
    RCC_DeInit                               0x080012e1   Thumb Code    64  stm32f10x_rcc.o(.text)
    RCC_HSEConfig                            0x08001321   Thumb Code    70  stm32f10x_rcc.o(.text)
    RCC_GetFlagStatus                        0x08001367   Thumb Code    56  stm32f10x_rcc.o(.text)
    RCC_WaitForHSEStartUp                    0x0800139f   Thumb Code    56  stm32f10x_rcc.o(.text)
    RCC_AdjustHSICalibrationValue            0x080013d7   Thumb Code    20  stm32f10x_rcc.o(.text)
    RCC_HSICmd                               0x080013eb   Thumb Code     6  stm32f10x_rcc.o(.text)
    RCC_PLLConfig                            0x080013f1   Thumb Code    24  stm32f10x_rcc.o(.text)
    RCC_PLLCmd                               0x08001409   Thumb Code     6  stm32f10x_rcc.o(.text)
    RCC_SYSCLKConfig                         0x0800140f   Thumb Code    18  stm32f10x_rcc.o(.text)
    RCC_GetSYSCLKSource                      0x08001421   Thumb Code    10  stm32f10x_rcc.o(.text)
    RCC_HCLKConfig                           0x0800142b   Thumb Code    18  stm32f10x_rcc.o(.text)
    RCC_PCLK1Config                          0x0800143d   Thumb Code    18  stm32f10x_rcc.o(.text)
    RCC_PCLK2Config                          0x0800144f   Thumb Code    20  stm32f10x_rcc.o(.text)
    RCC_ITConfig                             0x08001463   Thumb Code    26  stm32f10x_rcc.o(.text)
    RCC_USBCLKConfig                         0x0800147d   Thumb Code     8  stm32f10x_rcc.o(.text)
    RCC_ADCCLKConfig                         0x08001485   Thumb Code    18  stm32f10x_rcc.o(.text)
    RCC_LSEConfig                            0x08001497   Thumb Code    50  stm32f10x_rcc.o(.text)
    RCC_LSICmd                               0x080014c9   Thumb Code     6  stm32f10x_rcc.o(.text)
    RCC_RTCCLKConfig                         0x080014cf   Thumb Code    12  stm32f10x_rcc.o(.text)
    RCC_RTCCLKCmd                            0x080014db   Thumb Code     8  stm32f10x_rcc.o(.text)
    RCC_GetClocksFreq                        0x080014e3   Thumb Code   192  stm32f10x_rcc.o(.text)
    RCC_AHBPeriphClockCmd                    0x080015a3   Thumb Code    26  stm32f10x_rcc.o(.text)
    RCC_APB2PeriphClockCmd                   0x080015bd   Thumb Code    26  stm32f10x_rcc.o(.text)
    RCC_APB1PeriphClockCmd                   0x080015d7   Thumb Code    26  stm32f10x_rcc.o(.text)
    RCC_APB2PeriphResetCmd                   0x080015f1   Thumb Code    26  stm32f10x_rcc.o(.text)
    RCC_APB1PeriphResetCmd                   0x0800160b   Thumb Code    26  stm32f10x_rcc.o(.text)
    RCC_BackupResetCmd                       0x08001625   Thumb Code     8  stm32f10x_rcc.o(.text)
    RCC_ClockSecuritySystemCmd               0x0800162d   Thumb Code     6  stm32f10x_rcc.o(.text)
    RCC_MCOConfig                            0x08001633   Thumb Code     6  stm32f10x_rcc.o(.text)
    RCC_ClearFlag                            0x08001639   Thumb Code    14  stm32f10x_rcc.o(.text)
    RCC_GetITStatus                          0x08001647   Thumb Code    20  stm32f10x_rcc.o(.text)
    RCC_ClearITPendingBit                    0x0800165b   Thumb Code     6  stm32f10x_rcc.o(.text)
    USART_DeInit                             0x08001685   Thumb Code   134  stm32f10x_usart.o(.text)
    USART_Init                               0x0800170b   Thumb Code   210  stm32f10x_usart.o(.text)
    USART_StructInit                         0x080017dd   Thumb Code    24  stm32f10x_usart.o(.text)
    USART_ClockInit                          0x080017f5   Thumb Code    34  stm32f10x_usart.o(.text)
    USART_ClockStructInit                    0x08001817   Thumb Code    12  stm32f10x_usart.o(.text)
    USART_Cmd                                0x08001823   Thumb Code    24  stm32f10x_usart.o(.text)
    USART_ITConfig                           0x0800183b   Thumb Code    74  stm32f10x_usart.o(.text)
    USART_DMACmd                             0x08001885   Thumb Code    18  stm32f10x_usart.o(.text)
    USART_SetAddress                         0x08001897   Thumb Code    18  stm32f10x_usart.o(.text)
    USART_WakeUpConfig                       0x080018a9   Thumb Code    18  stm32f10x_usart.o(.text)
    USART_ReceiverWakeUpCmd                  0x080018bb   Thumb Code    24  stm32f10x_usart.o(.text)
    USART_LINBreakDetectLengthConfig         0x080018d3   Thumb Code    18  stm32f10x_usart.o(.text)
    USART_LINCmd                             0x080018e5   Thumb Code    24  stm32f10x_usart.o(.text)
    USART_SendData                           0x080018fd   Thumb Code     8  stm32f10x_usart.o(.text)
    USART_ReceiveData                        0x08001905   Thumb Code    10  stm32f10x_usart.o(.text)
    USART_SendBreak                          0x0800190f   Thumb Code    10  stm32f10x_usart.o(.text)
    USART_SetGuardTime                       0x08001919   Thumb Code    16  stm32f10x_usart.o(.text)
    USART_SetPrescaler                       0x08001929   Thumb Code    16  stm32f10x_usart.o(.text)
    USART_SmartCardCmd                       0x08001939   Thumb Code    24  stm32f10x_usart.o(.text)
    USART_SmartCardNACKCmd                   0x08001951   Thumb Code    24  stm32f10x_usart.o(.text)
    USART_HalfDuplexCmd                      0x08001969   Thumb Code    24  stm32f10x_usart.o(.text)
    USART_OverSampling8Cmd                   0x08001981   Thumb Code    22  stm32f10x_usart.o(.text)
    USART_OneBitMethodCmd                    0x08001997   Thumb Code    24  stm32f10x_usart.o(.text)
    USART_IrDAConfig                         0x080019af   Thumb Code    18  stm32f10x_usart.o(.text)
    USART_IrDACmd                            0x080019c1   Thumb Code    24  stm32f10x_usart.o(.text)
    USART_GetFlagStatus                      0x080019d9   Thumb Code    26  stm32f10x_usart.o(.text)
    USART_ClearFlag                          0x080019f3   Thumb Code    18  stm32f10x_usart.o(.text)
    USART_GetITStatus                        0x08001a05   Thumb Code    84  stm32f10x_usart.o(.text)
    USART_ClearITPendingBit                  0x08001a59   Thumb Code    52  stm32f10x_usart.o(.text)
    NVIC_PriorityGroupConfig                 0x08001a8d   Thumb Code    10  misc.o(.text)
    NVIC_Init                                0x08001a97   Thumb Code   100  misc.o(.text)
    NVIC_SetVectorTable                      0x08001afb   Thumb Code    14  misc.o(.text)
    NVIC_SystemLPConfig                      0x08001b09   Thumb Code    34  misc.o(.text)
    SysTick_CLKSourceConfig                  0x08001b2b   Thumb Code    40  misc.o(.text)
    EXTI_DeInit                              0x08001b69   Thumb Code    28  stm32f10x_exti.o(.text)
    EXTI_Init                                0x08001b85   Thumb Code   142  stm32f10x_exti.o(.text)
    EXTI_StructInit                          0x08001c13   Thumb Code    16  stm32f10x_exti.o(.text)
    EXTI_GenerateSWInterrupt                 0x08001c23   Thumb Code    16  stm32f10x_exti.o(.text)
    EXTI_GetFlagStatus                       0x08001c33   Thumb Code    22  stm32f10x_exti.o(.text)
    EXTI_ClearFlag                           0x08001c49   Thumb Code     8  stm32f10x_exti.o(.text)
    EXTI_GetITStatus                         0x08001c51   Thumb Code    34  stm32f10x_exti.o(.text)
    EXTI_ClearITPendingBit                   0x08001c73   Thumb Code     8  stm32f10x_exti.o(.text)
    ADC_DeInit                               0x08001c85   Thumb Code    78  stm32f10x_adc.o(.text)
    ADC_Init                                 0x08001cd3   Thumb Code    70  stm32f10x_adc.o(.text)
    ADC_StructInit                           0x08001d19   Thumb Code    18  stm32f10x_adc.o(.text)
    ADC_Cmd                                  0x08001d2b   Thumb Code    22  stm32f10x_adc.o(.text)
    ADC_DMACmd                               0x08001d41   Thumb Code    22  stm32f10x_adc.o(.text)
    ADC_ITConfig                             0x08001d57   Thumb Code    24  stm32f10x_adc.o(.text)
    ADC_ResetCalibration                     0x08001d6f   Thumb Code    10  stm32f10x_adc.o(.text)
    ADC_GetResetCalibrationStatus            0x08001d79   Thumb Code    20  stm32f10x_adc.o(.text)
    ADC_StartCalibration                     0x08001d8d   Thumb Code    10  stm32f10x_adc.o(.text)
    ADC_GetCalibrationStatus                 0x08001d97   Thumb Code    20  stm32f10x_adc.o(.text)
    ADC_SoftwareStartConvCmd                 0x08001dab   Thumb Code    22  stm32f10x_adc.o(.text)
    ADC_GetSoftwareStartConvStatus           0x08001dc1   Thumb Code    20  stm32f10x_adc.o(.text)
    ADC_DiscModeChannelCountConfig           0x08001dd5   Thumb Code    24  stm32f10x_adc.o(.text)
    ADC_DiscModeCmd                          0x08001ded   Thumb Code    22  stm32f10x_adc.o(.text)
    ADC_RegularChannelConfig                 0x08001e03   Thumb Code   184  stm32f10x_adc.o(.text)
    ADC_ExternalTrigConvCmd                  0x08001ebb   Thumb Code    22  stm32f10x_adc.o(.text)
    ADC_GetConversionValue                   0x08001ed1   Thumb Code     8  stm32f10x_adc.o(.text)
    ADC_GetDualModeConversionValue           0x08001ed9   Thumb Code     8  stm32f10x_adc.o(.text)
    ADC_AutoInjectedConvCmd                  0x08001ee1   Thumb Code    22  stm32f10x_adc.o(.text)
    ADC_InjectedDiscModeCmd                  0x08001ef7   Thumb Code    22  stm32f10x_adc.o(.text)
    ADC_ExternalTrigInjectedConvConfig       0x08001f0d   Thumb Code    16  stm32f10x_adc.o(.text)
    ADC_ExternalTrigInjectedConvCmd          0x08001f1d   Thumb Code    22  stm32f10x_adc.o(.text)
    ADC_SoftwareStartInjectedConvCmd         0x08001f33   Thumb Code    22  stm32f10x_adc.o(.text)
    ADC_GetSoftwareStartInjectedConvCmdStatus 0x08001f49   Thumb Code    20  stm32f10x_adc.o(.text)
    ADC_InjectedChannelConfig                0x08001f5d   Thumb Code   130  stm32f10x_adc.o(.text)
    ADC_InjectedSequencerLengthConfig        0x08001fdf   Thumb Code    24  stm32f10x_adc.o(.text)
    ADC_SetInjectedOffset                    0x08001ff7   Thumb Code    20  stm32f10x_adc.o(.text)
    ADC_GetInjectedConversionValue           0x0800200b   Thumb Code    28  stm32f10x_adc.o(.text)
    ADC_AnalogWatchdogCmd                    0x08002027   Thumb Code    16  stm32f10x_adc.o(.text)
    ADC_AnalogWatchdogThresholdsConfig       0x08002037   Thumb Code     6  stm32f10x_adc.o(.text)
    ADC_AnalogWatchdogSingleChannelConfig    0x0800203d   Thumb Code    16  stm32f10x_adc.o(.text)
    ADC_TempSensorVrefintCmd                 0x0800204d   Thumb Code    64  stm32f10x_adc.o(.text)
    ADC_GetFlagStatus                        0x0800208d   Thumb Code    18  stm32f10x_adc.o(.text)
    ADC_ClearFlag                            0x0800209f   Thumb Code     6  stm32f10x_adc.o(.text)
    ADC_GetITStatus                          0x080020a5   Thumb Code    36  stm32f10x_adc.o(.text)
    ADC_ClearITPendingBit                    0x080020c9   Thumb Code    10  stm32f10x_adc.o(.text)
    DMA_DeInit                               0x080020d5   Thumb Code   324  stm32f10x_dma.o(.text)
    DMA_Init                                 0x08002219   Thumb Code    60  stm32f10x_dma.o(.text)
    DMA_StructInit                           0x08002255   Thumb Code    26  stm32f10x_dma.o(.text)
    DMA_Cmd                                  0x0800226f   Thumb Code    24  stm32f10x_dma.o(.text)
    DMA_ITConfig                             0x08002287   Thumb Code    18  stm32f10x_dma.o(.text)
    DMA_SetCurrDataCounter                   0x08002299   Thumb Code     4  stm32f10x_dma.o(.text)
    DMA_GetCurrDataCounter                   0x0800229d   Thumb Code     8  stm32f10x_dma.o(.text)
    DMA_GetFlagStatus                        0x080022a5   Thumb Code    40  stm32f10x_dma.o(.text)
    DMA_ClearFlag                            0x080022cd   Thumb Code    22  stm32f10x_dma.o(.text)
    DMA_GetITStatus                          0x080022e3   Thumb Code    40  stm32f10x_dma.o(.text)
    DMA_ClearITPendingBit                    0x0800230b   Thumb Code    22  stm32f10x_dma.o(.text)
    __use_no_semihosting                     0x08002329   Thumb Code     2  use_no_semi_2.o(.text)
    vsprintf                                 0x0800232d   Thumb Code    32  vsprintf.o(.text)
    __use_two_region_memory                  0x08002351   Thumb Code     2  heapauxi.o(.text)
    __rt_heap_escrow$2region                 0x08002353   Thumb Code     2  heapauxi.o(.text)
    __rt_heap_expand$2region                 0x08002355   Thumb Code     2  heapauxi.o(.text)
    __I$use$semihosting                      0x08002357   Thumb Code     0  use_no_semi.o(.text)
    __use_no_semihosting_swi                 0x08002357   Thumb Code     2  use_no_semi.o(.text)
    _printf_pre_padding                      0x08002359   Thumb Code    44  _printf_pad.o(.text)
    _printf_post_padding                     0x08002385   Thumb Code    34  _printf_pad.o(.text)
    _printf_truncate_signed                  0x080023a7   Thumb Code    18  _printf_truncate.o(.text)
    _printf_truncate_unsigned                0x080023b9   Thumb Code    18  _printf_truncate.o(.text)
    _printf_str                              0x080023cb   Thumb Code    82  _printf_str.o(.text)
    _printf_int_dec                          0x0800241d   Thumb Code   104  _printf_dec.o(.text)
    _printf_charcount                        0x08002495   Thumb Code    40  _printf_charcount.o(.text)
    _printf_char_common                      0x080024c7   Thumb Code    32  _printf_char_common.o(.text)
    _sputc                                   0x080024ed   Thumb Code    10  _sputc.o(.text)
    _printf_wctomb                           0x080024f9   Thumb Code   182  _printf_wctomb.o(.text)
    _printf_longlong_dec                     0x080025b5   Thumb Code   108  _printf_longlong_dec.o(.text)
    _printf_longlong_oct                     0x08002631   Thumb Code    66  _printf_oct_int_ll.o(.text)
    _printf_int_oct                          0x08002673   Thumb Code    24  _printf_oct_int_ll.o(.text)
    _printf_ll_oct                           0x0800268b   Thumb Code    12  _printf_oct_int_ll.o(.text)
    _printf_longlong_hex                     0x080026a1   Thumb Code    86  _printf_hex_int_ll_ptr.o(.text)
    _printf_int_hex                          0x080026f7   Thumb Code    28  _printf_hex_int_ll_ptr.o(.text)
    _printf_ll_hex                           0x08002713   Thumb Code    12  _printf_hex_int_ll_ptr.o(.text)
    _printf_hex_ptr                          0x0800271f   Thumb Code    18  _printf_hex_int_ll_ptr.o(.text)
    __printf                                 0x08002735   Thumb Code   388  __printf_flags_ss_wp.o(.text)
    _ll_udiv10                               0x080028bd   Thumb Code   138  lludiv10.o(.text)
    _printf_int_common                       0x08002947   Thumb Code   178  _printf_intcommon.o(.text)
    __lib_sel_fp_printf                      0x080029f9   Thumb Code     2  _printf_fp_dec.o(.text)
    _printf_fp_dec_real                      0x08002bab   Thumb Code   620  _printf_fp_dec.o(.text)
    _printf_fp_hex_real                      0x08002e19   Thumb Code   756  _printf_fp_hex.o(.text)
    _printf_cs_common                        0x08003115   Thumb Code    20  _printf_char.o(.text)
    _printf_char                             0x08003129   Thumb Code    16  _printf_char.o(.text)
    _printf_string                           0x08003139   Thumb Code     8  _printf_char.o(.text)
    _printf_lcs_common                       0x08003141   Thumb Code    20  _printf_wchar.o(.text)
    _printf_wchar                            0x08003155   Thumb Code    16  _printf_wchar.o(.text)
    _printf_wstring                          0x08003165   Thumb Code     8  _printf_wchar.o(.text)
    _wcrtomb                                 0x0800316d   Thumb Code    64  _wcrtomb.o(.text)
    __user_libspace                          0x080031ad   Thumb Code     8  libspace.o(.text)
    __user_perproc_libspace                  0x080031ad   Thumb Code     0  libspace.o(.text)
    __user_perthread_libspace                0x080031ad   Thumb Code     0  libspace.o(.text)
    __user_setup_stackheap                   0x080031b5   Thumb Code    74  sys_stackheap_outer.o(.text)
    __rt_ctype_table                         0x08003201   Thumb Code    16  rt_ctype_table.o(.text)
    __rt_locale                              0x08003211   Thumb Code     8  rt_locale_intlibspace.o(.text)
    _printf_fp_infnan                        0x08003219   Thumb Code   112  _printf_fp_infnan.o(.text)
    _btod_etento                             0x08003299   Thumb Code   224  bigflt0.o(.text)
    exit                                     0x0800337d   Thumb Code    18  exit.o(.text)
    strcmp                                   0x08003391   Thumb Code   128  strcmpv7m.o(.text)
    _btod_d2e                                0x08003411   Thumb Code    62  btod.o(CL$$btod_d2e)
    _d2e_denorm_low                          0x0800344f   Thumb Code    70  btod.o(CL$$btod_d2e_denorm_low)
    _d2e_norm_op1                            0x08003495   Thumb Code    96  btod.o(CL$$btod_d2e_norm_op1)
    __btod_div_common                        0x080034f5   Thumb Code   696  btod.o(CL$$btod_div_common)
    _e2e                                     0x0800382d   Thumb Code   220  btod.o(CL$$btod_e2e)
    _btod_ediv                               0x08003909   Thumb Code    42  btod.o(CL$$btod_ediv)
    _btod_emul                               0x08003933   Thumb Code    42  btod.o(CL$$btod_emul)
    __btod_mult_common                       0x0800395d   Thumb Code   580  btod.o(CL$$btod_mult_common)
    __ARM_fpclassify                         0x08003ba1   Thumb Code    40  fpclassify.o(i.__ARM_fpclassify)
    _is_digit                                0x08003bc9   Thumb Code    14  __printf_wp.o(i._is_digit)
    _get_lc_numeric                          0x08003bd9   Thumb Code    44  lc_numeric_c.o(locale$$code)
    _get_lc_ctype                            0x08003c05   Thumb Code    44  lc_ctype_c.o(locale$$code)
    __aeabi_d2f                              0x08003c31   Thumb Code     0  d2f.o(x$fpl$d2f)
    _d2f                                     0x08003c31   Thumb Code    98  d2f.o(x$fpl$d2f)
    __aeabi_dmul                             0x08003c95   Thumb Code     0  dmul.o(x$fpl$dmul)
    _dmul                                    0x08003c95   Thumb Code   332  dmul.o(x$fpl$dmul)
    __fpl_dnaninf                            0x08003de9   Thumb Code   156  dnaninf.o(x$fpl$dnaninf)
    __fpl_dretinf                            0x08003e85   Thumb Code    12  dretinf.o(x$fpl$dretinf)
    __aeabi_f2d                              0x08003e91   Thumb Code     0  f2d.o(x$fpl$f2d)
    _f2d                                     0x08003e91   Thumb Code    86  f2d.o(x$fpl$f2d)
    __aeabi_fdiv                             0x08003ee9   Thumb Code     0  fdiv.o(x$fpl$fdiv)
    _fdiv                                    0x08003ee9   Thumb Code   384  fdiv.o(x$fpl$fdiv)
    __aeabi_i2f                              0x0800406d   Thumb Code     0  fflt_clz.o(x$fpl$fflt)
    _fflt                                    0x0800406d   Thumb Code    48  fflt_clz.o(x$fpl$fflt)
    __fpl_fnaninf                            0x0800409d   Thumb Code   140  fnaninf.o(x$fpl$fnaninf)
    __fpl_fretinf                            0x08004129   Thumb Code    10  fretinf.o(x$fpl$fretinf)
    _printf_fp_dec                           0x08004133   Thumb Code     4  printf1.o(x$fpl$printf1)
    _printf_fp_hex                           0x08004137   Thumb Code     4  printf2.o(x$fpl$printf2)
    __I$use$fp                               0x0800413a   Number         0  usenofp.o(x$fpl$usenofp)
    Region$$Table$$Base                      0x08004238   Number         0  anon$$obj.o(Region$$Table)
    Region$$Table$$Limit                     0x08004258   Number         0  anon$$obj.o(Region$$Table)
    __ctype                                  0x08004281   Data           0  lc_ctype_c.o(locale$$data)
    SystemCoreClock                          0x20000000   Data           4  system_stm32f10x.o(.data)
    AHBPrescTable                            0x20000004   Data          16  system_stm32f10x.o(.data)
    systime_ms                               0x20000018   Data           4  systick.o(.data)
    sysTickUptime                            0x2000001c   Data           4  systick.o(.data)
    __stdout                                 0x20000080   Data           4  usart.o(.data)
    usart1Len                                0x20000084   Data           1  usart.o(.data)
    usart2Len                                0x20000085   Data           1  usart.o(.data)
    usart3Len                                0x20000086   Data           1  usart.o(.data)
    rcc_clocks                               0x2000009c   Data          20  systick.o(.bss)
    ADC_ConvertedValue                       0x200000b0   Data         160  dma_adc.o(.bss)
    ADC_Value                                0x20000150   Data          32  dma_adc.o(.bss)
    usart1Buf                                0x20000170   Data          64  usart.o(.bss)
    usart2Buf                                0x200001b0   Data          64  usart.o(.bss)
    usart3Buf                                0x200001f0   Data          64  usart.o(.bss)
    __libspace_start                         0x20000230   Data          96  libspace.o(.bss)
    __temporary_stack_top$libspace           0x20000290   Data           0  libspace.o(.bss)



==============================================================================

Memory Map of the image

  Image Entry point : 0x08000131

  Load Region LR_IROM1 (Base: 0x08000000, Size: 0x00004420, Max: 0x00040000, ABSOLUTE)

    Execution Region ER_IROM1 (Exec base: 0x08000000, Load base: 0x08000000, Size: 0x00004384, Max: 0x00040000, ABSOLUTE)

    Exec Addr    Load Addr    Size         Type   Attr      Idx    E Section Name        Object

    0x08000000   0x08000000   0x00000130   Data   RO          488    RESET               startup_stm32f10x_hd.o
    0x08000130   0x08000130   0x00000008   Code   RO          677  * !!!main             c_w.l(__main.o)
    0x08000138   0x08000138   0x00000034   Code   RO         1120    !!!scatter          c_w.l(__scatter.o)
    0x0800016c   0x0800016c   0x0000001a   Code   RO         1122    !!handler_copy      c_w.l(__scatter_copy.o)
    0x08000186   0x08000186   0x00000002   PAD
    0x08000188   0x08000188   0x0000001c   Code   RO         1124    !!handler_zi        c_w.l(__scatter_zi.o)
    0x080001a4   0x080001a4   0x00000000   Code   RO          827    .ARM.Collect$$_printf_percent$$00000000  c_w.l(_printf_percent.o)
    0x080001a4   0x080001a4   0x00000006   Code   RO          816    .ARM.Collect$$_printf_percent$$00000001  c_w.l(_printf_n.o)
    0x080001aa   0x080001aa   0x00000006   Code   RO          818    .ARM.Collect$$_printf_percent$$00000002  c_w.l(_printf_p.o)
    0x080001b0   0x080001b0   0x00000006   Code   RO          823    .ARM.Collect$$_printf_percent$$00000003  c_w.l(_printf_f.o)
    0x080001b6   0x080001b6   0x00000006   Code   RO          824    .ARM.Collect$$_printf_percent$$00000004  c_w.l(_printf_e.o)
    0x080001bc   0x080001bc   0x00000006   Code   RO          825    .ARM.Collect$$_printf_percent$$00000005  c_w.l(_printf_g.o)
    0x080001c2   0x080001c2   0x00000006   Code   RO          826    .ARM.Collect$$_printf_percent$$00000006  c_w.l(_printf_a.o)
    0x080001c8   0x080001c8   0x0000000a   Code   RO          831    .ARM.Collect$$_printf_percent$$00000007  c_w.l(_printf_ll.o)
    0x080001d2   0x080001d2   0x00000006   Code   RO          820    .ARM.Collect$$_printf_percent$$00000008  c_w.l(_printf_i.o)
    0x080001d8   0x080001d8   0x00000006   Code   RO          821    .ARM.Collect$$_printf_percent$$00000009  c_w.l(_printf_d.o)
    0x080001de   0x080001de   0x00000006   Code   RO          822    .ARM.Collect$$_printf_percent$$0000000A  c_w.l(_printf_u.o)
    0x080001e4   0x080001e4   0x00000006   Code   RO          819    .ARM.Collect$$_printf_percent$$0000000B  c_w.l(_printf_o.o)
    0x080001ea   0x080001ea   0x00000006   Code   RO          817    .ARM.Collect$$_printf_percent$$0000000C  c_w.l(_printf_x.o)
    0x080001f0   0x080001f0   0x00000006   Code   RO          828    .ARM.Collect$$_printf_percent$$0000000D  c_w.l(_printf_lli.o)
    0x080001f6   0x080001f6   0x00000006   Code   RO          829    .ARM.Collect$$_printf_percent$$0000000E  c_w.l(_printf_lld.o)
    0x080001fc   0x080001fc   0x00000006   Code   RO          830    .ARM.Collect$$_printf_percent$$0000000F  c_w.l(_printf_llu.o)
    0x08000202   0x08000202   0x00000006   Code   RO          835    .ARM.Collect$$_printf_percent$$00000010  c_w.l(_printf_llo.o)
    0x08000208   0x08000208   0x00000006   Code   RO          836    .ARM.Collect$$_printf_percent$$00000011  c_w.l(_printf_llx.o)
    0x0800020e   0x0800020e   0x0000000a   Code   RO          832    .ARM.Collect$$_printf_percent$$00000012  c_w.l(_printf_l.o)
    0x08000218   0x08000218   0x00000006   Code   RO          814    .ARM.Collect$$_printf_percent$$00000013  c_w.l(_printf_c.o)
    0x0800021e   0x0800021e   0x00000006   Code   RO          815    .ARM.Collect$$_printf_percent$$00000014  c_w.l(_printf_s.o)
    0x08000224   0x08000224   0x00000006   Code   RO          833    .ARM.Collect$$_printf_percent$$00000015  c_w.l(_printf_lc.o)
    0x0800022a   0x0800022a   0x00000006   Code   RO          834    .ARM.Collect$$_printf_percent$$00000016  c_w.l(_printf_ls.o)
    0x08000230   0x08000230   0x00000004   Code   RO          930    .ARM.Collect$$_printf_percent$$00000017  c_w.l(_printf_percent_end.o)
    0x08000234   0x08000234   0x00000002   Code   RO          986    .ARM.Collect$$libinit$$00000000  c_w.l(libinit.o)
    0x08000236   0x08000236   0x00000000   Code   RO          999    .ARM.Collect$$libinit$$00000002  c_w.l(libinit2.o)
    0x08000236   0x08000236   0x00000000   Code   RO         1001    .ARM.Collect$$libinit$$00000004  c_w.l(libinit2.o)
    0x08000236   0x08000236   0x00000000   Code   RO         1004    .ARM.Collect$$libinit$$0000000A  c_w.l(libinit2.o)
    0x08000236   0x08000236   0x00000000   Code   RO         1006    .ARM.Collect$$libinit$$0000000C  c_w.l(libinit2.o)
    0x08000236   0x08000236   0x00000000   Code   RO         1008    .ARM.Collect$$libinit$$0000000E  c_w.l(libinit2.o)
    0x08000236   0x08000236   0x00000006   Code   RO         1009    .ARM.Collect$$libinit$$0000000F  c_w.l(libinit2.o)
    0x0800023c   0x0800023c   0x00000000   Code   RO         1011    .ARM.Collect$$libinit$$00000011  c_w.l(libinit2.o)
    0x0800023c   0x0800023c   0x0000000c   Code   RO         1012    .ARM.Collect$$libinit$$00000012  c_w.l(libinit2.o)
    0x08000248   0x08000248   0x00000000   Code   RO         1013    .ARM.Collect$$libinit$$00000013  c_w.l(libinit2.o)
    0x08000248   0x08000248   0x00000000   Code   RO         1015    .ARM.Collect$$libinit$$00000015  c_w.l(libinit2.o)
    0x08000248   0x08000248   0x0000000a   Code   RO         1016    .ARM.Collect$$libinit$$00000016  c_w.l(libinit2.o)
    0x08000252   0x08000252   0x00000000   Code   RO         1017    .ARM.Collect$$libinit$$00000017  c_w.l(libinit2.o)
    0x08000252   0x08000252   0x00000000   Code   RO         1019    .ARM.Collect$$libinit$$00000019  c_w.l(libinit2.o)
    0x08000252   0x08000252   0x00000000   Code   RO         1021    .ARM.Collect$$libinit$$0000001B  c_w.l(libinit2.o)
    0x08000252   0x08000252   0x00000000   Code   RO         1023    .ARM.Collect$$libinit$$0000001D  c_w.l(libinit2.o)
    0x08000252   0x08000252   0x00000000   Code   RO         1025    .ARM.Collect$$libinit$$0000001F  c_w.l(libinit2.o)
    0x08000252   0x08000252   0x00000000   Code   RO         1027    .ARM.Collect$$libinit$$00000021  c_w.l(libinit2.o)
    0x08000252   0x08000252   0x00000000   Code   RO         1029    .ARM.Collect$$libinit$$00000023  c_w.l(libinit2.o)
    0x08000252   0x08000252   0x00000000   Code   RO         1031    .ARM.Collect$$libinit$$00000025  c_w.l(libinit2.o)
    0x08000252   0x08000252   0x00000000   Code   RO         1035    .ARM.Collect$$libinit$$0000002C  c_w.l(libinit2.o)
    0x08000252   0x08000252   0x00000000   Code   RO         1037    .ARM.Collect$$libinit$$0000002E  c_w.l(libinit2.o)
    0x08000252   0x08000252   0x00000000   Code   RO         1039    .ARM.Collect$$libinit$$00000030  c_w.l(libinit2.o)
    0x08000252   0x08000252   0x00000000   Code   RO         1041    .ARM.Collect$$libinit$$00000032  c_w.l(libinit2.o)
    0x08000252   0x08000252   0x00000002   Code   RO         1042    .ARM.Collect$$libinit$$00000033  c_w.l(libinit2.o)
    0x08000254   0x08000254   0x00000002   Code   RO         1062    .ARM.Collect$$libshutdown$$00000000  c_w.l(libshutdown.o)
    0x08000256   0x08000256   0x00000000   Code   RO         1072    .ARM.Collect$$libshutdown$$00000002  c_w.l(libshutdown2.o)
    0x08000256   0x08000256   0x00000000   Code   RO         1074    .ARM.Collect$$libshutdown$$00000004  c_w.l(libshutdown2.o)
    0x08000256   0x08000256   0x00000000   Code   RO         1077    .ARM.Collect$$libshutdown$$00000007  c_w.l(libshutdown2.o)
    0x08000256   0x08000256   0x00000000   Code   RO         1080    .ARM.Collect$$libshutdown$$0000000A  c_w.l(libshutdown2.o)
    0x08000256   0x08000256   0x00000000   Code   RO         1082    .ARM.Collect$$libshutdown$$0000000C  c_w.l(libshutdown2.o)
    0x08000256   0x08000256   0x00000000   Code   RO         1085    .ARM.Collect$$libshutdown$$0000000F  c_w.l(libshutdown2.o)
    0x08000256   0x08000256   0x00000002   Code   RO         1086    .ARM.Collect$$libshutdown$$00000010  c_w.l(libshutdown2.o)
    0x08000258   0x08000258   0x00000000   Code   RO          743    .ARM.Collect$$rtentry$$00000000  c_w.l(__rtentry.o)
    0x08000258   0x08000258   0x00000000   Code   RO          896    .ARM.Collect$$rtentry$$00000002  c_w.l(__rtentry2.o)
    0x08000258   0x08000258   0x00000006   Code   RO          908    .ARM.Collect$$rtentry$$00000004  c_w.l(__rtentry4.o)
    0x0800025e   0x0800025e   0x00000000   Code   RO          898    .ARM.Collect$$rtentry$$00000009  c_w.l(__rtentry2.o)
    0x0800025e   0x0800025e   0x00000004   Code   RO          899    .ARM.Collect$$rtentry$$0000000A  c_w.l(__rtentry2.o)
    0x08000262   0x08000262   0x00000000   Code   RO          901    .ARM.Collect$$rtentry$$0000000C  c_w.l(__rtentry2.o)
    0x08000262   0x08000262   0x00000008   Code   RO          902    .ARM.Collect$$rtentry$$0000000D  c_w.l(__rtentry2.o)
    0x0800026a   0x0800026a   0x00000002   Code   RO          991    .ARM.Collect$$rtexit$$00000000  c_w.l(rtexit.o)
    0x0800026c   0x0800026c   0x00000000   Code   RO         1046    .ARM.Collect$$rtexit$$00000002  c_w.l(rtexit2.o)
    0x0800026c   0x0800026c   0x00000004   Code   RO         1047    .ARM.Collect$$rtexit$$00000003  c_w.l(rtexit2.o)
    0x08000270   0x08000270   0x00000006   Code   RO         1048    .ARM.Collect$$rtexit$$00000004  c_w.l(rtexit2.o)
    0x08000276   0x08000276   0x00000024   Code   RO            1    .text               main.o
    0x0800029a   0x0800029a   0x00000018   Code   RO          149    .text               stm32f10x_it.o
    0x080002b2   0x080002b2   0x00000002   PAD
    0x080002b4   0x080002b4   0x000001e0   Code   RO          190    .text               system_stm32f10x.o
    0x08000494   0x08000494   0x00000128   Code   RO          247    .text               key.o
    0x080005bc   0x080005bc   0x000001b4   Code   RO          315    .text               systick.o
    0x08000770   0x08000770   0x00000170   Code   RO          338    .text               exti.o
    0x080008e0   0x080008e0   0x000001e8   Code   RO          350    .text               dma_adc.o
    0x08000ac8   0x08000ac8   0x0000047c   Code   RO          450    .text               usart.o
    0x08000f44   0x08000f44   0x00000040   Code   RO          489    .text               startup_stm32f10x_hd.o
    0x08000f84   0x08000f84   0x0000035c   Code   RO          493    .text               stm32f10x_gpio.o
    0x080012e0   0x080012e0   0x000003a4   Code   RO          505    .text               stm32f10x_rcc.o
    0x08001684   0x08001684   0x00000408   Code   RO          519    .text               stm32f10x_usart.o
    0x08001a8c   0x08001a8c   0x000000dc   Code   RO          531    .text               misc.o
    0x08001b68   0x08001b68   0x0000011c   Code   RO          543    .text               stm32f10x_exti.o
    0x08001c84   0x08001c84   0x0000044e   Code   RO          567    .text               stm32f10x_adc.o
    0x080020d2   0x080020d2   0x00000002   PAD
    0x080020d4   0x080020d4   0x00000254   Code   RO          579    .text               stm32f10x_dma.o
    0x08002328   0x08002328   0x00000002   Code   RO          669    .text               c_w.l(use_no_semi_2.o)
    0x0800232a   0x0800232a   0x00000002   PAD
    0x0800232c   0x0800232c   0x00000024   Code   RO          671    .text               c_w.l(vsprintf.o)
    0x08002350   0x08002350   0x00000006   Code   RO          675    .text               c_w.l(heapauxi.o)
    0x08002356   0x08002356   0x00000002   Code   RO          741    .text               c_w.l(use_no_semi.o)
    0x08002358   0x08002358   0x0000004e   Code   RO          748    .text               c_w.l(_printf_pad.o)
    0x080023a6   0x080023a6   0x00000024   Code   RO          750    .text               c_w.l(_printf_truncate.o)
    0x080023ca   0x080023ca   0x00000052   Code   RO          752    .text               c_w.l(_printf_str.o)
    0x0800241c   0x0800241c   0x00000078   Code   RO          754    .text               c_w.l(_printf_dec.o)
    0x08002494   0x08002494   0x00000028   Code   RO          756    .text               c_w.l(_printf_charcount.o)
    0x080024bc   0x080024bc   0x00000030   Code   RO          758    .text               c_w.l(_printf_char_common.o)
    0x080024ec   0x080024ec   0x0000000a   Code   RO          760    .text               c_w.l(_sputc.o)
    0x080024f6   0x080024f6   0x00000002   PAD
    0x080024f8   0x080024f8   0x000000bc   Code   RO          762    .text               c_w.l(_printf_wctomb.o)
    0x080025b4   0x080025b4   0x0000007c   Code   RO          765    .text               c_w.l(_printf_longlong_dec.o)
    0x08002630   0x08002630   0x00000070   Code   RO          771    .text               c_w.l(_printf_oct_int_ll.o)
    0x080026a0   0x080026a0   0x00000094   Code   RO          791    .text               c_w.l(_printf_hex_int_ll_ptr.o)
    0x08002734   0x08002734   0x00000188   Code   RO          811    .text               c_w.l(__printf_flags_ss_wp.o)
    0x080028bc   0x080028bc   0x0000008a   Code   RO          915    .text               c_w.l(lludiv10.o)
    0x08002946   0x08002946   0x000000b2   Code   RO          917    .text               c_w.l(_printf_intcommon.o)
    0x080029f8   0x080029f8   0x0000041e   Code   RO          919    .text               c_w.l(_printf_fp_dec.o)
    0x08002e16   0x08002e16   0x00000002   PAD
    0x08002e18   0x08002e18   0x000002fc   Code   RO          921    .text               c_w.l(_printf_fp_hex.o)
    0x08003114   0x08003114   0x0000002c   Code   RO          926    .text               c_w.l(_printf_char.o)
    0x08003140   0x08003140   0x0000002c   Code   RO          928    .text               c_w.l(_printf_wchar.o)
    0x0800316c   0x0800316c   0x00000040   Code   RO          931    .text               c_w.l(_wcrtomb.o)
    0x080031ac   0x080031ac   0x00000008   Code   RO          937    .text               c_w.l(libspace.o)
    0x080031b4   0x080031b4   0x0000004a   Code   RO          940    .text               c_w.l(sys_stackheap_outer.o)
    0x080031fe   0x080031fe   0x00000002   PAD
    0x08003200   0x08003200   0x00000010   Code   RO          942    .text               c_w.l(rt_ctype_table.o)
    0x08003210   0x08003210   0x00000008   Code   RO          947    .text               c_w.l(rt_locale_intlibspace.o)
    0x08003218   0x08003218   0x00000080   Code   RO          949    .text               c_w.l(_printf_fp_infnan.o)
    0x08003298   0x08003298   0x000000e4   Code   RO          951    .text               c_w.l(bigflt0.o)
    0x0800337c   0x0800337c   0x00000012   Code   RO          979    .text               c_w.l(exit.o)
    0x0800338e   0x0800338e   0x00000002   PAD
    0x08003390   0x08003390   0x00000080   Code   RO          996    .text               c_w.l(strcmpv7m.o)
    0x08003410   0x08003410   0x0000003e   Code   RO          954    CL$$btod_d2e        c_w.l(btod.o)
    0x0800344e   0x0800344e   0x00000046   Code   RO          956    CL$$btod_d2e_denorm_low  c_w.l(btod.o)
    0x08003494   0x08003494   0x00000060   Code   RO          955    CL$$btod_d2e_norm_op1  c_w.l(btod.o)
    0x080034f4   0x080034f4   0x00000338   Code   RO          964    CL$$btod_div_common  c_w.l(btod.o)
    0x0800382c   0x0800382c   0x000000dc   Code   RO          961    CL$$btod_e2e        c_w.l(btod.o)
    0x08003908   0x08003908   0x0000002a   Code   RO          958    CL$$btod_ediv       c_w.l(btod.o)
    0x08003932   0x08003932   0x0000002a   Code   RO          957    CL$$btod_emul       c_w.l(btod.o)
    0x0800395c   0x0800395c   0x00000244   Code   RO          963    CL$$btod_mult_common  c_w.l(btod.o)
    0x08003ba0   0x08003ba0   0x00000028   Code   RO          882    i.__ARM_fpclassify  m_ws.l(fpclassify.o)
    0x08003bc8   0x08003bc8   0x0000000e   Code   RO          804    i._is_digit         c_w.l(__printf_wp.o)
    0x08003bd6   0x08003bd6   0x00000002   PAD
    0x08003bd8   0x08003bd8   0x0000002c   Code   RO          977    locale$$code        c_w.l(lc_numeric_c.o)
    0x08003c04   0x08003c04   0x0000002c   Code   RO          994    locale$$code        c_w.l(lc_ctype_c.o)
    0x08003c30   0x08003c30   0x00000062   Code   RO          679    x$fpl$d2f           fz_ws.l(d2f.o)
    0x08003c92   0x08003c92   0x00000002   PAD
    0x08003c94   0x08003c94   0x00000154   Code   RO          693    x$fpl$dmul          fz_ws.l(dmul.o)
    0x08003de8   0x08003de8   0x0000009c   Code   RO          847    x$fpl$dnaninf       fz_ws.l(dnaninf.o)
    0x08003e84   0x08003e84   0x0000000c   Code   RO          849    x$fpl$dretinf       fz_ws.l(dretinf.o)
    0x08003e90   0x08003e90   0x00000056   Code   RO          697    x$fpl$f2d           fz_ws.l(f2d.o)
    0x08003ee6   0x08003ee6   0x00000002   PAD
    0x08003ee8   0x08003ee8   0x00000184   Code   RO          706    x$fpl$fdiv          fz_ws.l(fdiv.o)
    0x0800406c   0x0800406c   0x00000030   Code   RO          720    x$fpl$fflt          fz_ws.l(fflt_clz.o)
    0x0800409c   0x0800409c   0x0000008c   Code   RO          853    x$fpl$fnaninf       fz_ws.l(fnaninf.o)
    0x08004128   0x08004128   0x0000000a   Code   RO          855    x$fpl$fretinf       fz_ws.l(fretinf.o)
    0x08004132   0x08004132   0x00000004   Code   RO          857    x$fpl$printf1       fz_ws.l(printf1.o)
    0x08004136   0x08004136   0x00000004   Code   RO          859    x$fpl$printf2       fz_ws.l(printf2.o)
    0x0800413a   0x0800413a   0x00000000   Code   RO          867    x$fpl$usenofp       fz_ws.l(usenofp.o)
    0x0800413a   0x0800413a   0x00000002   PAD
    0x0800413c   0x0800413c   0x00000008   Data   RO          763    .constdata          c_w.l(_printf_wctomb.o)
    0x08004144   0x08004144   0x00000028   Data   RO          792    .constdata          c_w.l(_printf_hex_int_ll_ptr.o)
    0x0800416c   0x0800416c   0x00000011   Data   RO          812    .constdata          c_w.l(__printf_flags_ss_wp.o)
    0x0800417d   0x0800417d   0x00000026   Data   RO          922    .constdata          c_w.l(_printf_fp_hex.o)
    0x080041a3   0x080041a3   0x00000001   PAD
    0x080041a4   0x080041a4   0x00000094   Data   RO          952    .constdata          c_w.l(bigflt0.o)
    0x08004238   0x08004238   0x00000020   Data   RO         1118    Region$$Table       anon$$obj.o
    0x08004258   0x08004258   0x0000001c   Data   RO          976    locale$$data        c_w.l(lc_numeric_c.o)
    0x08004274   0x08004274   0x00000110   Data   RO          993    locale$$data        c_w.l(lc_ctype_c.o)


    Execution Region RW_IRAM1 (Exec base: 0x20000000, Load base: 0x08004384, Size: 0x00000890, Max: 0x0000c000, ABSOLUTE)

    Exec Addr    Load Addr    Size         Type   Attr      Idx    E Section Name        Object

    0x20000000   0x08004384   0x00000014   Data   RW          191    .data               system_stm32f10x.o
    0x20000014   0x08004398   0x00000001   Data   RW          248    .data               key.o
    0x20000015   0x08004399   0x00000003   PAD
    0x20000018   0x0800439c   0x00000068   Data   RW          317    .data               systick.o
    0x20000080   0x08004404   0x00000007   Data   RW          452    .data               usart.o
    0x20000087   0x0800440b   0x00000014   Data   RW          506    .data               stm32f10x_rcc.o
    0x2000009b   0x0800441f   0x00000001   PAD
    0x2000009c        -       0x00000014   Zero   RW          316    .bss                systick.o
    0x200000b0        -       0x000000c0   Zero   RW          351    .bss                dma_adc.o
    0x20000170        -       0x000000c0   Zero   RW          451    .bss                usart.o
    0x20000230        -       0x00000060   Zero   RW          938    .bss                c_w.l(libspace.o)
    0x20000290        -       0x00000200   Zero   RW          487    HEAP                startup_stm32f10x_hd.o
    0x20000490        -       0x00000400   Zero   RW          486    STACK               startup_stm32f10x_hd.o


==============================================================================

Image component sizes


      Code (inc. data)   RO Data    RW Data    ZI Data      Debug   Object Name

       488         30          0          0        192       1591   dma_adc.o
       368          8          0          0          0        953   exti.o
       296         16          0          1          0        808   key.o
        36          0          0          0          0     253779   main.o
       220         22          0          0          0       1773   misc.o
        64         26        304          0       1536        784   startup_stm32f10x_hd.o
      1102         26          0          0          0      11017   stm32f10x_adc.o
       596          8          0          0          0       4338   stm32f10x_dma.o
       284         10          0          0          0       2231   stm32f10x_exti.o
       860         38          0          0          0       5705   stm32f10x_gpio.o
        24          0          0          0          0       1074   stm32f10x_it.o
       932         36          0         20          0       8872   stm32f10x_rcc.o
      1032         22          0          0          0       8432   stm32f10x_usart.o
         0          0          0          0          0         32   sys.o
       480         38          0         20          0       1695   system_stm32f10x.o
       436         26          0        104         20      19215   systick.o
      1148         62          0          7        192       6347   usart.o

    ----------------------------------------------------------------------
      8370        368        336        156       1940     328646   Object Totals
         0          0         32          0          0          0   (incl. Generated)
         4          0          0          4          0          0   (incl. Padding)

    ----------------------------------------------------------------------

      Code (inc. data)   RO Data    RW Data    ZI Data      Debug   Library Member Name

         8          0          0          0          0         68   __main.o
       392          4         17          0          0         92   __printf_flags_ss_wp.o
        14          0          0          0          0         68   __printf_wp.o
         0          0          0          0          0          0   __rtentry.o
        12          0          0          0          0          0   __rtentry2.o
         6          0          0          0          0          0   __rtentry4.o
        52          8          0          0          0          0   __scatter.o
        26          0          0          0          0          0   __scatter_copy.o
        28          0          0          0          0          0   __scatter_zi.o
         6          0          0          0          0          0   _printf_a.o
         6          0          0          0          0          0   _printf_c.o
        44          0          0          0          0        108   _printf_char.o
        48          6          0          0          0         96   _printf_char_common.o
        40          0          0          0          0         68   _printf_charcount.o
         6          0          0          0          0          0   _printf_d.o
       120         16          0          0          0         92   _printf_dec.o
         6          0          0          0          0          0   _printf_e.o
         6          0          0          0          0          0   _printf_f.o
      1054          0          0          0          0        216   _printf_fp_dec.o
       764          8         38          0          0        100   _printf_fp_hex.o
       128         16          0          0          0         84   _printf_fp_infnan.o
         6          0          0          0          0          0   _printf_g.o
       148          4         40          0          0        160   _printf_hex_int_ll_ptr.o
         6          0          0          0          0          0   _printf_i.o
       178          0          0          0          0         88   _printf_intcommon.o
        10          0          0          0          0          0   _printf_l.o
         6          0          0          0          0          0   _printf_lc.o
        10          0          0          0          0          0   _printf_ll.o
         6          0          0          0          0          0   _printf_lld.o
         6          0          0          0          0          0   _printf_lli.o
         6          0          0          0          0          0   _printf_llo.o
         6          0          0          0          0          0   _printf_llu.o
         6          0          0          0          0          0   _printf_llx.o
       124         16          0          0          0         92   _printf_longlong_dec.o
         6          0          0          0          0          0   _printf_ls.o
         6          0          0          0          0          0   _printf_n.o
         6          0          0          0          0          0   _printf_o.o
       112         10          0          0          0        124   _printf_oct_int_ll.o
         6          0          0          0          0          0   _printf_p.o
        78          0          0          0          0        108   _printf_pad.o
         0          0          0          0          0          0   _printf_percent.o
         4          0          0          0          0          0   _printf_percent_end.o
         6          0          0          0          0          0   _printf_s.o
        82          0          0          0          0         80   _printf_str.o
        36          0          0          0          0         84   _printf_truncate.o
         6          0          0          0          0          0   _printf_u.o
        44          0          0          0          0        108   _printf_wchar.o
       188          6          8          0          0         92   _printf_wctomb.o
         6          0          0          0          0          0   _printf_x.o
        10          0          0          0          0         68   _sputc.o
        64          0          0          0          0         92   _wcrtomb.o
       228          4        148          0          0         96   bigflt0.o
      1936        128          0          0          0        672   btod.o
        18          0          0          0          0         80   exit.o
         6          0          0          0          0        152   heapauxi.o
        44         10        272          0          0         76   lc_ctype_c.o
        44         10         28          0          0         76   lc_numeric_c.o
         2          0          0          0          0          0   libinit.o
        30          0          0          0          0          0   libinit2.o
         2          0          0          0          0          0   libshutdown.o
         2          0          0          0          0          0   libshutdown2.o
         8          4          0          0         96         68   libspace.o
       138          0          0          0          0         80   lludiv10.o
        16          4          0          0          0         76   rt_ctype_table.o
         8          4          0          0          0         68   rt_locale_intlibspace.o
         2          0          0          0          0          0   rtexit.o
        10          0          0          0          0          0   rtexit2.o
       128          0          0          0          0         68   strcmpv7m.o
        74          0          0          0          0         80   sys_stackheap_outer.o
         2          0          0          0          0         68   use_no_semi.o
         2          0          0          0          0         68   use_no_semi_2.o
        36          4          0          0          0         76   vsprintf.o
        98          4          0          0          0         92   d2f.o
       340         12          0          0          0        104   dmul.o
       156          4          0          0          0         92   dnaninf.o
        12          0          0          0          0         68   dretinf.o
        86          4          0          0          0         84   f2d.o
       388         76          0          0          0         96   fdiv.o
        48          0          0          0          0         68   fflt_clz.o
       140          4          0          0          0         84   fnaninf.o
        10          0          0          0          0         68   fretinf.o
         4          0          0          0          0         68   printf1.o
         4          0          0          0          0         68   printf2.o
         0          0          0          0          0          0   usenofp.o
        40          0          0          0          0         68   fpclassify.o

    ----------------------------------------------------------------------
      8026        366        552          0         96       4852   Library Totals
        20          0          1          0          0          0   (incl. Padding)

    ----------------------------------------------------------------------

      Code (inc. data)   RO Data    RW Data    ZI Data      Debug   Library Name

      6680        262        551          0         96       3892   c_w.l
      1286        104          0          0          0        892   fz_ws.l
        40          0          0          0          0         68   m_ws.l

    ----------------------------------------------------------------------
      8026        366        552          0         96       4852   Library Totals

    ----------------------------------------------------------------------

==============================================================================


      Code (inc. data)   RO Data    RW Data    ZI Data      Debug   

     16396        734        888        156       2036     329282   Grand Totals
     16396        734        888        156       2036     329282   ELF Image Totals
     16396        734        888        156          0          0   ROM Totals

==============================================================================

    Total RO  Size (Code + RO Data)                17284 (  16.88kB)
    Total RW  Size (RW Data + ZI Data)              2192 (   2.14kB)
    Total ROM Size (Code + RO Data + RW Data)      17440 (  17.03kB)

==============================================================================

